Component: Arm Compiler for Embedded 6.22 Tool: armlink [5ee90200]

==============================================================================

Section Cross References

    main.o(.text.main) refers to systick_driver.o(.text.systickTimer_init) for systickTimer_init
    main.o(.text.main) refers to main.o(.data.numofchannel) for numofchannel
    main.o(.text.main) refers to main.o(.data.adcChannel) for adcChannel
    main.o(.text.main) refers to adc_driver.o(.text.adcMultiInit) for adcMultiInit
    main.o(.text.main) refers to gpio_driver.o(.text.InitGPIO) for InitGPIO
    main.o(.text.main) refers to timer1_driver.o(.text.timer1PWM_micros) for timer1PWM_micros
    main.o(.text.main) refers to timer1_driver.o(.text.timer1Capture_micro) for timer1Capture_micro
    main.o(.text.main) refers to timer1_driver.o(.text.timerCatch) for timerCatch
    main.o(.text.main) refers to main.o(.bss.distance) for distance
    main.o(.text.main) refers to main.o(.bss.analogData) for analogData
    main.o(.text.main) refers to adc_driver.o(.text.adcMultiRead) for adcMultiRead
    main.o(.text.main) refers to pid.o(.text.positionFind) for positionFind
    main.o(.text.main) refers to main.o(.bss.e) for e
    main.o(.text.main) refers to pid.o(.text.PIDControl) for PIDControl
    main.o(.text.main) refers to motor_driver.o(.text.direction) for direction
    main.o(.text.main) refers to motor_driver.o(.text.motorSignalsMc) for motorSignalsMc
    main.o(.ARM.exidx.text.main) refers to main.o(.text.main) for [Anonymous Symbol]
    oled driver.o(.text.Pin_Setup) refers to gpio_driver.o(.text.InitGPIO) for InitGPIO
    oled driver.o(.ARM.exidx.text.Pin_Setup) refers to oled driver.o(.text.Pin_Setup) for [Anonymous Symbol]
    oled driver.o(.text.lcd_rs) refers to gpio_driver.o(.text.WRITE_GPIO) for WRITE_GPIO
    oled driver.o(.ARM.exidx.text.lcd_rs) refers to oled driver.o(.text.lcd_rs) for [Anonymous Symbol]
    oled driver.o(.text.lcd_rw) refers to gpio_driver.o(.text.WRITE_GPIO) for WRITE_GPIO
    oled driver.o(.ARM.exidx.text.lcd_rw) refers to oled driver.o(.text.lcd_rw) for [Anonymous Symbol]
    oled driver.o(.text.lcd_e) refers to gpio_driver.o(.text.WRITE_GPIO) for WRITE_GPIO
    oled driver.o(.ARM.exidx.text.lcd_e) refers to oled driver.o(.text.lcd_e) for [Anonymous Symbol]
    oled driver.o(.text.lcd_data) refers to oled driver.o(.text.lcd_rs) for lcd_rs
    oled driver.o(.text.lcd_data) refers to oled driver.o(.text.lcd_rw) for lcd_rw
    oled driver.o(.text.lcd_data) refers to systick_driver.o(.text.SysTick_DelayMc) for SysTick_DelayMc
    oled driver.o(.text.lcd_data) refers to oled driver.o(.text.lcd_e) for lcd_e
    oled driver.o(.ARM.exidx.text.lcd_data) refers to oled driver.o(.text.lcd_data) for [Anonymous Symbol]
    oled driver.o(.text.lcd_cmd) refers to oled driver.o(.text.lcd_rs) for lcd_rs
    oled driver.o(.text.lcd_cmd) refers to oled driver.o(.text.lcd_rw) for lcd_rw
    oled driver.o(.text.lcd_cmd) refers to systick_driver.o(.text.SysTick_DelayMc) for SysTick_DelayMc
    oled driver.o(.text.lcd_cmd) refers to oled driver.o(.text.lcd_e) for lcd_e
    oled driver.o(.ARM.exidx.text.lcd_cmd) refers to oled driver.o(.text.lcd_cmd) for [Anonymous Symbol]
    oled driver.o(.text.lcd_init) refers to oled driver.o(.text.Pin_Setup) for Pin_Setup
    oled driver.o(.text.lcd_init) refers to systick_driver.o(.text.SysTick_DelayMs) for SysTick_DelayMs
    oled driver.o(.text.lcd_init) refers to oled driver.o(.text.lcd_cmd) for lcd_cmd
    oled driver.o(.text.lcd_init) refers to systick_driver.o(.text.SysTick_DelayMc) for SysTick_DelayMc
    oled driver.o(.ARM.exidx.text.lcd_init) refers to oled driver.o(.text.lcd_init) for [Anonymous Symbol]
    oled driver.o(.text.lcd_send) refers to oled driver.o(.text.lcd_data) for lcd_data
    oled driver.o(.text.lcd_send) refers to systick_driver.o(.text.SysTick_DelayMc) for SysTick_DelayMc
    oled driver.o(.ARM.exidx.text.lcd_send) refers to oled driver.o(.text.lcd_send) for [Anonymous Symbol]
    oled driver.o(.text.PCF8574T_add) refers to i2c_driver.o(.text.I2C_ADDRESS) for I2C_ADDRESS
    oled driver.o(.ARM.exidx.text.PCF8574T_add) refers to oled driver.o(.text.PCF8574T_add) for [Anonymous Symbol]
    oled driver.o(.text.PCF8574T_tx) refers to i2c_driver.o(.text.I2C_START) for I2C_START
    oled driver.o(.text.PCF8574T_tx) refers to oled driver.o(.text.PCF8574T_add) for PCF8574T_add
    oled driver.o(.text.PCF8574T_tx) refers to i2c_driver.o(.text.I2C_DATA) for I2C_DATA
    oled driver.o(.text.PCF8574T_tx) refers to i2c_driver.o(.text.I2C_STOP) for I2C_STOP
    oled driver.o(.ARM.exidx.text.PCF8574T_tx) refers to oled driver.o(.text.PCF8574T_tx) for [Anonymous Symbol]
    oled driver.o(.text.lcd_i2c_data) refers to oled driver.o(.text.PCF8574T_tx) for PCF8574T_tx
    oled driver.o(.text.lcd_i2c_data) refers to systick_driver.o(.text.SysTick_DelayMc) for SysTick_DelayMc
[...]
    __rtentry4.o(.ARM.Collect$$rtentry$$00000004) refers to sys_stackheap_outer.o(.text) for __user_setup_stackheap
    __rtentry4.o(.ARM.exidx) refers to __rtentry4.o(.ARM.Collect$$rtentry$$00000004) for .ARM.Collect$$rtentry$$00000004
    rt_errno_addr.o(.text) refers to rt_errno_addr.o(.bss) for __aeabi_errno_addr_data
    rt_errno_addr_intlibspace.o(.text) refers to libspace.o(.bss) for __libspace_start
    dcheck1.o(x$fpl$dcheck1) refers (Special) to usenofp.o(x$fpl$usenofp) for __I$use$fp
    dcheck1.o(x$fpl$dcheck1) refers to retnan.o(x$fpl$retnan) for __fpl_return_NaN
    dleqf.o(x$fpl$dleqf) refers (Special) to usenofp.o(x$fpl$usenofp) for __I$use$fp
    dleqf.o(x$fpl$dleqf) refers to dnaninf.o(x$fpl$dnaninf) for __fpl_dnaninf
    dleqf.o(x$fpl$dleqf) refers to dcmpi.o(x$fpl$dcmpinf) for __fpl_dcmp_Inf
    dsqrt_noumaal.o(x$fpl$dsqrt) refers (Special) to usenofp.o(x$fpl$usenofp) for __I$use$fp
    dsqrt_noumaal.o(x$fpl$dsqrt) refers to dnaninf.o(x$fpl$dnaninf) for __fpl_dnaninf
    libspace.o(.text) refers to libspace.o(.bss) for __libspace_start
    sys_stackheap_outer.o(.text) refers to libspace.o(.text) for __user_perproc_libspace
    sys_stackheap_outer.o(.text) refers to startup_stm32f10x_md.o(.text) for __user_initial_stackheap
    exit.o(.text) refers to rtexit.o(.ARM.Collect$$rtexit$$00000000) for __rt_exit
    libinit.o(.ARM.Collect$$libinit$$00000000) refers (Special) to libinit2.o(.ARM.Collect$$libinit$$00000030) for __rt_lib_init_alloca_1
    libinit.o(.ARM.Collect$$libinit$$00000000) refers (Special) to libinit2.o(.ARM.Collect$$libinit$$0000002E) for __rt_lib_init_argv_1
    libinit.o(.ARM.Collect$$libinit$$00000000) refers (Special) to libinit2.o(.ARM.Collect$$libinit$$0000001D) for __rt_lib_init_atexit_1
    libinit.o(.ARM.Collect$$libinit$$00000000) refers (Special) to libinit2.o(.ARM.Collect$$libinit$$00000023) for __rt_lib_init_clock_1
    libinit.o(.ARM.Collect$$libinit$$00000000) refers (Special) to libinit2.o(.ARM.Collect$$libinit$$00000034) for __rt_lib_init_cpp_1
    libinit.o(.ARM.Collect$$libinit$$00000000) refers (Special) to libinit2.o(.ARM.Collect$$libinit$$00000032) for __rt_lib_init_exceptions_1
    libinit.o(.ARM.Collect$$libinit$$00000000) refers (Special) to libinit2.o(.ARM.Collect$$libinit$$00000002) for __rt_lib_init_fp_1
    libinit.o(.ARM.Collect$$libinit$$00000000) refers (Special) to libinit2.o(.ARM.Collect$$libinit$$00000021) for __rt_lib_init_fp_trap_1
    libinit.o(.ARM.Collect$$libinit$$00000000) refers (Special) to libinit2.o(.ARM.Collect$$libinit$$00000025) for __rt_lib_init_getenv_1
    libinit.o(.ARM.Collect$$libinit$$00000000) refers (Special) to libinit2.o(.ARM.Collect$$libinit$$0000000C) for __rt_lib_init_heap_1
    libinit.o(.ARM.Collect$$libinit$$00000000) refers (Special) to libinit2.o(.ARM.Collect$$libinit$$00000013) for __rt_lib_init_lc_collate_1
    libinit.o(.ARM.Collect$$libinit$$00000000) refers (Special) to libinit2.o(.ARM.Collect$$libinit$$00000015) for __rt_lib_init_lc_ctype_1
    libinit.o(.ARM.Collect$$libinit$$00000000) refers (Special) to libinit2.o(.ARM.Collect$$libinit$$00000017) for __rt_lib_init_lc_monetary_1
    libinit.o(.ARM.Collect$$libinit$$00000000) refers (Special) to libinit2.o(.ARM.Collect$$libinit$$00000019) for __rt_lib_init_lc_numeric_1
    libinit.o(.ARM.Collect$$libinit$$00000000) refers (Special) to libinit2.o(.ARM.Collect$$libinit$$0000001B) for __rt_lib_init_lc_time_1
    libinit.o(.ARM.Collect$$libinit$$00000000) refers (Special) to libinit2.o(.ARM.Collect$$libinit$$00000006) for __rt_lib_init_preinit_1
    libinit.o(.ARM.Collect$$libinit$$00000000) refers (Special) to libinit2.o(.ARM.Collect$$libinit$$00000010) for __rt_lib_init_rand_1
    libinit.o(.ARM.Collect$$libinit$$00000000) refers (Special) to libinit2.o(.ARM.Collect$$libinit$$00000004) for __rt_lib_init_relocate_pie_1
    libinit.o(.ARM.Collect$$libinit$$00000000) refers (Special) to libinit2.o(.ARM.Collect$$libinit$$00000035) for __rt_lib_init_return
    libinit.o(.ARM.Collect$$libinit$$00000000) refers (Special) to libinit2.o(.ARM.Collect$$libinit$$0000001F) for __rt_lib_init_signal_1
    libinit.o(.ARM.Collect$$libinit$$00000000) refers (Special) to libinit2.o(.ARM.Collect$$libinit$$00000027) for __rt_lib_init_stdio_1
    libinit.o(.ARM.Collect$$libinit$$00000000) refers (Special) to libinit2.o(.ARM.Collect$$libinit$$0000000E) for __rt_lib_init_user_alloc_1
    dcmpi.o(x$fpl$dcmpinf) refers (Special) to usenofp.o(x$fpl$usenofp) for __I$use$fp
    retnan.o(x$fpl$retnan) refers (Special) to usenofp.o(x$fpl$usenofp) for __I$use$fp
    retnan.o(x$fpl$retnan) refers to trapv.o(x$fpl$trapveneer) for __fpl_cmpreturn
    rtexit.o(.ARM.Collect$$rtexit$$00000000) refers (Special) to rtexit2.o(.ARM.Collect$$rtexit$$00000004) for __rt_exit_exit
    rtexit.o(.ARM.Collect$$rtexit$$00000000) refers (Special) to rtexit2.o(.ARM.Collect$$rtexit$$00000003) for __rt_exit_ls
    rtexit.o(.ARM.Collect$$rtexit$$00000000) refers (Special) to rtexit2.o(.ARM.Collect$$rtexit$$00000002) for __rt_exit_prels_1
    rtexit.o(.ARM.exidx) refers (Special) to rtexit2.o(.ARM.Collect$$rtexit$$00000004) for __rt_exit_exit
    rtexit.o(.ARM.exidx) refers (Special) to rtexit2.o(.ARM.Collect$$rtexit$$00000003) for __rt_exit_ls
    rtexit.o(.ARM.exidx) refers (Special) to rtexit2.o(.ARM.Collect$$rtexit$$00000002) for __rt_exit_prels_1
    rtexit.o(.ARM.exidx) refers to rtexit.o(.ARM.Collect$$rtexit$$00000000) for .ARM.Collect$$rtexit$$00000000
    libinit2.o(.ARM.Collect$$libinit$$00000012) refers to libinit2.o(.ARM.Collect$$libinit$$00000011) for .ARM.Collect$$libinit$$00000011
    libinit2.o(.ARM.Collect$$libinit$$00000014) refers to libinit2.o(.ARM.Collect$$libinit$$00000011) for .ARM.Collect$$libinit$$00000011
    libinit2.o(.ARM.Collect$$libinit$$00000016) refers to libinit2.o(.ARM.Collect$$libinit$$00000011) for .ARM.Collect$$libinit$$00000011
    libinit2.o(.ARM.Collect$$libinit$$00000018) refers to libinit2.o(.ARM.Collect$$libinit$$00000011) for .ARM.Collect$$libinit$$00000011
    libinit2.o(.ARM.Collect$$libinit$$0000001A) refers to libinit2.o(.ARM.Collect$$libinit$$00000011) for .ARM.Collect$$libinit$$00000011
    libinit2.o(.ARM.Collect$$libinit$$00000028) refers to argv_veneer.o(.emb_text) for __ARM_argv_veneer
    libinit2.o(.ARM.Collect$$libinit$$00000029) refers to argv_veneer.o(.emb_text) for __ARM_argv_veneer
    trapv.o(x$fpl$trapveneer) refers (Special) to usenofp.o(x$fpl$usenofp) for __I$use$fp
    rtexit2.o(.ARM.Collect$$rtexit$$00000003) refers to libshutdown.o(.ARM.Collect$$libshutdown$$00000000) for __rt_lib_shutdown
    rtexit2.o(.ARM.Collect$$rtexit$$00000004) refers to sys_exit.o(.text) for _sys_exit
    rtexit2.o(.ARM.exidx) refers to rtexit2.o(.ARM.Collect$$rtexit$$00000001) for .ARM.Collect$$rtexit$$00000001
    rtexit2.o(.ARM.exidx) refers to rtexit2.o(.ARM.Collect$$rtexit$$00000003) for .ARM.Collect$$rtexit$$00000003
    rtexit2.o(.ARM.exidx) refers to rtexit2.o(.ARM.Collect$$rtexit$$00000004) for .ARM.Collect$$rtexit$$00000004
    argv_veneer.o(.emb_text) refers to no_argv.o(.text) for __ARM_get_argv
    sys_exit.o(.text) refers (Special) to use_no_semi.o(.text) for __I$use$semihosting
    sys_exit.o(.text) refers (Special) to indicate_semi.o(.text) for __semihosting_library_function
    sys_exit_hlt.o(.text) refers (Special) to use_no_semi.o(.text) for __I$use$semihosting
    sys_exit_hlt.o(.text) refers (Special) to indicate_semi.o(.text) for __semihosting_library_function
    _get_argv_nomalloc.o(.text) refers (Special) to hrguard.o(.text) for __heap_region$guard
    _get_argv_nomalloc.o(.text) refers to defsig_rtmem_outer.o(.text) for __rt_SIGRTMEM
    _get_argv_nomalloc.o(.text) refers to sys_command.o(.text) for _sys_command_string
    libshutdown.o(.ARM.Collect$$libshutdown$$00000000) refers (Special) to libshutdown2.o(.ARM.Collect$$libshutdown$$00000002) for __rt_lib_shutdown_cpp_1
    libshutdown.o(.ARM.Collect$$libshutdown$$00000000) refers (Special) to libshutdown2.o(.ARM.Collect$$libshutdown$$00000007) for __rt_lib_shutdown_fp_trap_1
    libshutdown.o(.ARM.Collect$$libshutdown$$00000000) refers (Special) to libshutdown2.o(.ARM.Collect$$libshutdown$$0000000F) for __rt_lib_shutdown_heap_1
    libshutdown.o(.ARM.Collect$$libshutdown$$00000000) refers (Special) to libshutdown2.o(.ARM.Collect$$libshutdown$$00000010) for __rt_lib_shutdown_return
    libshutdown.o(.ARM.Collect$$libshutdown$$00000000) refers (Special) to libshutdown2.o(.ARM.Collect$$libshutdown$$0000000A) for __rt_lib_shutdown_signal_1
    libshutdown.o(.ARM.Collect$$libshutdown$$00000000) refers (Special) to libshutdown2.o(.ARM.Collect$$libshutdown$$00000004) for __rt_lib_shutdown_stdio_1
    libshutdown.o(.ARM.Collect$$libshutdown$$00000000) refers (Special) to libshutdown2.o(.ARM.Collect$$libshutdown$$0000000C) for __rt_lib_shutdown_user_alloc_1
    sys_command.o(.text) refers (Special) to use_no_semi.o(.text) for __I$use$semihosting
    sys_command.o(.text) refers (Special) to indicate_semi.o(.text) for __semihosting_library_function
    sys_command_hlt.o(.text) refers (Special) to use_no_semi.o(.text) for __I$use$semihosting
    sys_command_hlt.o(.text) refers (Special) to indicate_semi.o(.text) for __semihosting_library_function
    defsig_rtmem_outer.o(.text) refers to defsig_rtmem_inner.o(.text) for __rt_SIGRTMEM_inner
    defsig_rtmem_outer.o(.text) refers to defsig_exit.o(.text) for __sig_exit
    defsig_rtmem_formal.o(.text) refers to rt_raise.o(.text) for __rt_raise
    rt_raise.o(.text) refers to __raise.o(.text) for __raise
    rt_raise.o(.text) refers to sys_exit.o(.text) for _sys_exit
    defsig_exit.o(.text) refers to sys_exit.o(.text) for _sys_exit
    defsig_rtmem_inner.o(.text) refers to defsig_general.o(.text) for __default_signal_display
    __raise.o(.text) refers to defsig.o(CL$$defsig) for __default_signal_handler
    defsig_general.o(.text) refers to sys_wrch.o(.text) for _ttywrch
    sys_wrch.o(.text) refers (Special) to use_no_semi.o(.text) for __I$use$semihosting
    sys_wrch.o(.text) refers (Special) to indicate_semi.o(.text) for __semihosting_library_function
    sys_wrch_hlt.o(.text) refers (Special) to use_no_semi.o(.text) for __I$use$semihosting
    sys_wrch_hlt.o(.text) refers (Special) to indicate_semi.o(.text) for __semihosting_library_function
    defsig.o(CL$$defsig) refers to defsig_rtmem_inner.o(.text) for __rt_SIGRTMEM_inner
    defsig_abrt_inner.o(.text) refers to defsig_general.o(.text) for __default_signal_display
    defsig_fpe_inner.o(.text) refers to defsig_general.o(.text) for __default_signal_display
    defsig_rtred_inner.o(.text) refers to defsig_general.o(.text) for __default_signal_display
    defsig_stak_inner.o(.text) refers to defsig_general.o(.text) for __default_signal_display
    defsig_pvfn_inner.o(.text) refers to defsig_general.o(.text) for __default_signal_display
    defsig_cppl_inner.o(.text) refers to defsig_general.o(.text) for __default_signal_display
    defsig_segv_inner.o(.text) refers to defsig_general.o(.text) for __default_signal_display
    defsig_other.o(.text) refers to defsig_general.o(.text) for __default_signal_display


==============================================================================

Removing Unused input sections from the image.

    Removing main.o(.text), (0 bytes).
    Removing main.o(.ARM.exidx.text.main), (8 bytes).
    Removing main.o(.bss.myint), (3 bytes).
    Removing main.o(.bss.display), (3 bytes).
    Removing main.o(.ARM.use_no_argv), (4 bytes).
    Removing oled driver.o(.text), (0 bytes).
    Removing oled driver.o(.text.Pin_Setup), (54 bytes).
    Removing oled driver.o(.ARM.exidx.text.Pin_Setup), (8 bytes).
    Removing oled driver.o(.text.lcd_rs), (22 bytes).
    Removing oled driver.o(.ARM.exidx.text.lcd_rs), (8 bytes).
    Removing oled driver.o(.text.lcd_rw), (22 bytes).
    Removing oled driver.o(.ARM.exidx.text.lcd_rw), (8 bytes).
    Removing oled driver.o(.text.lcd_e), (22 bytes).
    Removing oled driver.o(.ARM.exidx.text.lcd_e), (8 bytes).
    Removing oled driver.o(.text.lcd_data), (84 bytes).
    Removing oled driver.o(.ARM.exidx.text.lcd_data), (8 bytes).
    Removing oled driver.o(.text.lcd_cmd), (82 bytes).
    Removing oled driver.o(.ARM.exidx.text.lcd_cmd), (8 bytes).
    Removing oled driver.o(.text.lcd_init), (68 bytes).
    Removing oled driver.o(.ARM.exidx.text.lcd_init), (8 bytes).
    Removing oled driver.o(.text.lcd_send), (50 bytes).
    Removing oled driver.o(.ARM.exidx.text.lcd_send), (8 bytes).
    Removing oled driver.o(.text.PCF8574T_add), (30 bytes).
    Removing oled driver.o(.ARM.exidx.text.PCF8574T_add), (8 bytes).
    Removing oled driver.o(.text.PCF8574T_tx), (54 bytes).
    Removing oled driver.o(.ARM.exidx.text.PCF8574T_tx), (8 bytes).
    Removing oled driver.o(.text.lcd_i2c_data), (160 bytes).
    Removing oled driver.o(.ARM.exidx.text.lcd_i2c_data), (8 bytes).
    Removing oled driver.o(.text.lcd_i2c_cmd), (160 bytes).
    Removing oled driver.o(.ARM.exidx.text.lcd_i2c_cmd), (8 bytes).
    Removing oled driver.o(.text.lcd_i2c_init), (358 bytes).
    Removing oled driver.o(.ARM.exidx.text.lcd_i2c_init), (8 bytes).
    Removing oled driver.o(.text.lcd_i2c_send), (58 bytes).
    Removing oled driver.o(.ARM.exidx.text.lcd_i2c_send), (8 bytes).
    Removing oled driver.o(.text.lcd_i2c_msg), (104 bytes).
    Removing oled driver.o(.ARM.exidx.text.lcd_i2c_msg), (8 bytes).
    Removing oled driver.o(.text.lcd_1_blank), (32 bytes).
    Removing oled driver.o(.ARM.exidx.text.lcd_1_blank), (8 bytes).
    Removing oled driver.o(.text.lcd_2_blank), (32 bytes).
    Removing oled driver.o(.ARM.exidx.text.lcd_2_blank), (8 bytes).
    Removing oled driver.o(.text.lcd_12_blank), (28 bytes).
    Removing oled driver.o(.ARM.exidx.text.lcd_12_blank), (8 bytes).
    Removing oled driver.o(.text.str_empty), (40 bytes).
    Removing oled driver.o(.ARM.exidx.text.str_empty), (8 bytes).
    Removing oled driver.o(.text.int2char), (184 bytes).
    Removing oled driver.o(.ARM.exidx.text.int2char), (8 bytes).
    Removing oled driver.o(.rodata.str1.1), (17 bytes).
    Removing gpio_driver.o(.text), (0 bytes).
    Removing gpio_driver.o(.ARM.exidx.text.InitGPIO), (8 bytes).
    Removing gpio_driver.o(.text.READ_GPIO), (118 bytes).
    Removing gpio_driver.o(.ARM.exidx.text.READ_GPIO), (8 bytes).
    Removing gpio_driver.o(.ARM.exidx.text.WRITE_GPIO), (8 bytes).
    Removing gpio_driver.o(.text.TOGGLE_GPIO), (64 bytes).
    Removing gpio_driver.o(.ARM.exidx.text.TOGGLE_GPIO), (8 bytes).
    Removing systick_driver.o(.text), (0 bytes).
    Removing systick_driver.o(.ARM.exidx.text.systickTimer_init), (8 bytes).
    Removing systick_driver.o(.ARM.exidx.text.SysTick_DelayMicro), (8 bytes).
    Removing systick_driver.o(.ARM.exidx.text.SysTick_DelayMc), (8 bytes).
    Removing systick_driver.o(.ARM.exidx.text.SysTick_DelayMs), (8 bytes).
    Removing timer1_driver.o(.text), (0 bytes).
    Removing timer1_driver.o(.text.timer1Delay_micros), (98 bytes).
    Removing timer1_driver.o(.ARM.exidx.text.timer1Delay_micros), (8 bytes).
    Removing timer1_driver.o(.text.timer1Delay_milis), (44 bytes).
    Removing timer1_driver.o(.ARM.exidx.text.timer1Delay_milis), (8 bytes).
    Removing timer1_driver.o(.ARM.exidx.text.timer1PWM_micros), (8 bytes).
    Removing timer1_driver.o(.text.timer1PWM_milis), (164 bytes).
    Removing timer1_driver.o(.ARM.exidx.text.timer1PWM_milis), (8 bytes).
    Removing timer1_driver.o(.ARM.exidx.text.timer1Capture_micro), (8 bytes).
    Removing timer1_driver.o(.text.timer1Capture_milis), (146 bytes).
    Removing timer1_driver.o(.ARM.exidx.text.timer1Capture_milis), (8 bytes).
    Removing timer1_driver.o(.ARM.exidx.text.timerCatch), (8 bytes).
    Removing timer1_driver.o(.text.timer1_get_capture_milis), (34 bytes).
    Removing timer1_driver.o(.ARM.exidx.text.timer1_get_capture_milis), (8 bytes).
    Removing timer1_driver.o(.data.PRESCALAR_PWM_MILIS), (4 bytes).
    Removing system_clock.o(.text), (0 bytes).
    Removing system_clock.o(.text.systemClocktoPLL_72MHZ), (200 bytes).
    Removing system_clock.o(.ARM.exidx.text.systemClocktoPLL_72MHZ), (8 bytes).
    Removing i2c_driver.o(.text), (0 bytes).
    Removing i2c_driver.o(.text.I2C_INIT), (294 bytes).
    Removing i2c_driver.o(.ARM.exidx.text.I2C_INIT), (8 bytes).
    Removing i2c_driver.o(.text.I2C_START), (108 bytes).
    Removing i2c_driver.o(.ARM.exidx.text.I2C_START), (8 bytes).
    Removing i2c_driver.o(.text.I2C_ADDRESS), (244 bytes).
    Removing i2c_driver.o(.ARM.exidx.text.I2C_ADDRESS), (8 bytes).
    Removing i2c_driver.o(.text.I2C_DATA), (156 bytes).
    Removing i2c_driver.o(.ARM.exidx.text.I2C_DATA), (8 bytes).
    Removing i2c_driver.o(.text.I2C_STOP), (116 bytes).
    Removing i2c_driver.o(.ARM.exidx.text.I2C_STOP), (8 bytes).
    Removing i2c_driver.o(.text.I2C_WRITE), (82 bytes).
    Removing i2c_driver.o(.ARM.exidx.text.I2C_WRITE), (8 bytes).
    Removing spi_driver.o(.text), (0 bytes).
    Removing motor_driver.o(.text), (0 bytes).
    Removing motor_driver.o(.ARM.exidx.text.motorSignalsMc), (8 bytes).
    Removing motor_driver.o(.text.motorSignals), (226 bytes).
    Removing motor_driver.o(.ARM.exidx.text.motorSignals), (8 bytes).
    Removing motor_driver.o(.ARM.exidx.text.direction), (8 bytes).
    Removing adc_driver.o(.text), (0 bytes).
    Removing adc_driver.o(.text.adcInit), (362 bytes).
    Removing adc_driver.o(.ARM.exidx.text.adcInit), (8 bytes).
    Removing adc_driver.o(.ARM.exidx.text.adcFlag), (8 bytes).
    Removing adc_driver.o(.text.adc_rx), (108 bytes).
    Removing adc_driver.o(.ARM.exidx.text.adc_rx), (8 bytes).
    Removing adc_driver.o(.text.adc_irq), (120 bytes).
    Removing adc_driver.o(.ARM.exidx.text.adc_irq), (8 bytes).
    Removing adc_driver.o(.text.__NVIC_EnableIRQ), (48 bytes).
    Removing adc_driver.o(.ARM.exidx.text.__NVIC_EnableIRQ), (8 bytes).
    Removing adc_driver.o(.text.adc_wd), (188 bytes).
    Removing adc_driver.o(.ARM.exidx.text.adc_wd), (8 bytes).
    Removing adc_driver.o(.ARM.exidx.text.adcMultiInit), (8 bytes).
    Removing adc_driver.o(.ARM.exidx.text.adcMultiRead), (8 bytes).
    Removing pid.o(.text), (0 bytes).
    Removing pid.o(.ARM.exidx.text.positionFind), (8 bytes).
    Removing pid.o(.ARM.exidx.text.PIDControl), (8 bytes).
    Removing pid.o(.bss.error), (4 bytes).
    Removing buzzer.o(.text), (0 bytes).
    Removing buzzer.o(.text.timer3Delay_micros), (98 bytes).
    Removing buzzer.o(.ARM.exidx.text.timer3Delay_micros), (8 bytes).
    Removing buzzer.o(.text.timer3Delay_milis), (44 bytes).
    Removing buzzer.o(.ARM.exidx.text.timer3Delay_milis), (8 bytes).
    Removing buzzer.o(.text.timer3PWM_micros), (140 bytes).
    Removing buzzer.o(.ARM.exidx.text.timer3PWM_micros), (8 bytes).
    Removing buzzer.o(.text.timer3PWM_milis), (164 bytes).
    Removing buzzer.o(.ARM.exidx.text.timer3PWM_milis), (8 bytes).
    Removing buzzer.o(.data.PRESCALAR_PWM_MILIS3), (4 bytes).
    Removing retarget_io.o(.text), (0 bytes).
    Removing gpio_stm32f10x.o(.text), (0 bytes).
    Removing gpio_stm32f10x.o(.text.GPIO_PortClock), (528 bytes).
    Removing gpio_stm32f10x.o(.ARM.exidx.text.GPIO_PortClock), (8 bytes).
    Removing gpio_stm32f10x.o(.text.GPIO_GetPortClockState), (284 bytes).
    Removing gpio_stm32f10x.o(.ARM.exidx.text.GPIO_GetPortClockState), (8 bytes).
    Removing gpio_stm32f10x.o(.text.GPIO_PinConfigure), (222 bytes).
    Removing gpio_stm32f10x.o(.ARM.exidx.text.GPIO_PinConfigure), (8 bytes).
    Removing gpio_stm32f10x.o(.text.GPIO_AFConfigure), (228 bytes).
    Removing gpio_stm32f10x.o(.ARM.exidx.text.GPIO_AFConfigure), (8 bytes).
    Removing system_stm32f10x.o(.text), (0 bytes).
    Removing system_stm32f10x.o(.ARM.exidx.text.SystemInit), (8 bytes).
    Removing system_stm32f10x.o(.ARM.exidx.text.SetSysClock), (8 bytes).
    Removing system_stm32f10x.o(.text.SystemCoreClockUpdate), (290 bytes).
    Removing system_stm32f10x.o(.ARM.exidx.text.SystemCoreClockUpdate), (8 bytes).
    Removing system_stm32f10x.o(.ARM.exidx.text.SetSysClockTo72), (8 bytes).
    Removing system_stm32f10x.o(.data.SystemCoreClock), (4 bytes).
    Removing system_stm32f10x.o(.rodata.AHBPrescTable), (16 bytes).

142 unused section(s) (total 7173 bytes) removed from the image.

==============================================================================

Image Symbol Table

    Local Symbols

    Symbol Name                              Value     Ov Type        Size  Object(Section)

    ../clib/angel/boardlib.s                 0x00000000   Number         0  boardinit1.o ABSOLUTE
    ../clib/angel/boardlib.s                 0x00000000   Number         0  boardinit2.o ABSOLUTE
    ../clib/angel/boardlib.s                 0x00000000   Number         0  boardinit3.o ABSOLUTE
    ../clib/angel/boardlib.s                 0x00000000   Number         0  boardshut.o ABSOLUTE
    ../clib/angel/handlers.s                 0x00000000   Number         0  __scatter_copy.o ABSOLUTE
    ../clib/angel/handlers.s                 0x00000000   Number         0  __scatter_zi.o ABSOLUTE
    ../clib/angel/kernel.s                   0x00000000   Number         0  __rtentry.o ABSOLUTE
    ../clib/angel/kernel.s                   0x00000000   Number         0  __rtentry2.o ABSOLUTE
    ../clib/angel/kernel.s                   0x00000000   Number         0  __rtentry4.o ABSOLUTE
    ../clib/angel/kernel.s                   0x00000000   Number         0  rtexit.o ABSOLUTE
    ../clib/angel/kernel.s                   0x00000000   Number         0  rtexit2.o ABSOLUTE
    ../clib/angel/rt.s                       0x00000000   Number         0  rt_errno_addr.o ABSOLUTE
    ../clib/angel/rt.s                       0x00000000   Number         0  rt_errno_addr_intlibspace.o ABSOLUTE
    ../clib/angel/rt.s                       0x00000000   Number         0  rt_raise.o ABSOLUTE
    ../clib/angel/scatter.s                  0x00000000   Number         0  __scatter.o ABSOLUTE
    ../clib/angel/startup.s                  0x00000000   Number         0  __main.o ABSOLUTE
    ../clib/angel/sys.s                      0x00000000   Number         0  libspace.o ABSOLUTE
    ../clib/angel/sys.s                      0x00000000   Number         0  sys_stackheap_outer.o ABSOLUTE
    ../clib/angel/sys.s                      0x00000000   Number         0  use_no_semi.o ABSOLUTE
    ../clib/angel/sys.s                      0x00000000   Number         0  indicate_semi.o ABSOLUTE
    ../clib/angel/sysapp.c                   0x00000000   Number         0  sys_exit.o ABSOLUTE
    ../clib/angel/sysapp.c                   0x00000000   Number         0  sys_exit_hlt.o ABSOLUTE
    ../clib/angel/sysapp.c                   0x00000000   Number         0  sys_command.o ABSOLUTE
    ../clib/angel/sysapp.c                   0x00000000   Number         0  sys_command_hlt.o ABSOLUTE
    ../clib/angel/sysapp.c                   0x00000000   Number         0  sys_wrch.o ABSOLUTE
    ../clib/angel/sysapp.c                   0x00000000   Number         0  sys_wrch_hlt.o ABSOLUTE
    ../clib/armsys.c                         0x00000000   Number         0  argv_veneer.o ABSOLUTE
    ../clib/armsys.c                         0x00000000   Number         0  argv_veneer.o ABSOLUTE
    ../clib/armsys.c                         0x00000000   Number         0  _get_argv_nomalloc.o ABSOLUTE
    ../clib/armsys.c                         0x00000000   Number         0  no_argv.o ABSOLUTE
    ../clib/fenv.c                           0x00000000   Number         0  _rserrno.o ABSOLUTE
    ../clib/heapalloc.c                      0x00000000   Number         0  hrguard.o ABSOLUTE
    ../clib/heapaux.c                        0x00000000   Number         0  heapauxi.o ABSOLUTE
    ../clib/libinit.s                        0x00000000   Number         0  libinit.o ABSOLUTE
    ../clib/libinit.s                        0x00000000   Number         0  libinit2.o ABSOLUTE
    ../clib/libinit.s                        0x00000000   Number         0  libshutdown.o ABSOLUTE
    ../clib/libinit.s                        0x00000000   Number         0  libshutdown2.o ABSOLUTE
    ../clib/signal.c                         0x00000000   Number         0  defsig_rtmem_outer.o ABSOLUTE
    ../clib/signal.c                         0x00000000   Number         0  defsig_rtmem_formal.o ABSOLUTE
    ../clib/signal.c                         0x00000000   Number         0  defsig_exit.o ABSOLUTE
    ../clib/signal.c                         0x00000000   Number         0  defsig_rtmem_inner.o ABSOLUTE
    ../clib/signal.c                         0x00000000   Number         0  __raise.o ABSOLUTE
    ../clib/signal.c                         0x00000000   Number         0  defsig_general.o ABSOLUTE
    ../clib/signal.c                         0x00000000   Number         0  defsig_abrt_inner.o ABSOLUTE
    ../clib/signal.c                         0x00000000   Number         0  defsig_fpe_inner.o ABSOLUTE
    ../clib/signal.c                         0x00000000   Number         0  defsig_rtred_inner.o ABSOLUTE
    ../clib/signal.c                         0x00000000   Number         0  defsig_stak_inner.o ABSOLUTE
    ../clib/signal.c                         0x00000000   Number         0  defsig_pvfn_inner.o ABSOLUTE
    ../clib/signal.c                         0x00000000   Number         0  defsig_cppl_inner.o ABSOLUTE
    ../clib/signal.c                         0x00000000   Number         0  defsig_segv_inner.o ABSOLUTE
    ../clib/signal.c                         0x00000000   Number         0  defsig_other.o ABSOLUTE
    ../clib/signal.s                         0x00000000   Number         0  defsig.o ABSOLUTE
    ../clib/stdlib.c                         0x00000000   Number         0  exit.o ABSOLUTE
    ../fplib/daddsub.s                       0x00000000   Number         0  daddsub_clz.o ABSOLUTE
    ../fplib/dcheck1.s                       0x00000000   Number         0  dcheck1.o ABSOLUTE
    ../fplib/dcmpi.s                         0x00000000   Number         0  dcmpi.o ABSOLUTE
    ../fplib/ddiv.s                          0x00000000   Number         0  ddiv.o ABSOLUTE
    ../fplib/dfix.s                          0x00000000   Number         0  dfix.o ABSOLUTE
    ../fplib/dflt.s                          0x00000000   Number         0  dflt_clz.o ABSOLUTE
    ../fplib/dleqf.s                         0x00000000   Number         0  dleqf.o ABSOLUTE
    ../fplib/dmul.s                          0x00000000   Number         0  dmul.o ABSOLUTE
    ../fplib/dnaninf.s                       0x00000000   Number         0  dnaninf.o ABSOLUTE
    ../fplib/dretinf.s                       0x00000000   Number         0  dretinf.o ABSOLUTE
    ../fplib/drleqf.s                        0x00000000   Number         0  drleqf.o ABSOLUTE
    ../fplib/dsqrt.s                         0x00000000   Number         0  dsqrt_noumaal.o ABSOLUTE
    ../fplib/f2d.s                           0x00000000   Number         0  f2d.o ABSOLUTE
    ../fplib/faddsub.s                       0x00000000   Number         0  faddsub_clz.o ABSOLUTE
    ../fplib/ffix.s                          0x00000000   Number         0  ffix.o ABSOLUTE
    ../fplib/fflt.s                          0x00000000   Number         0  fflt_clz.o ABSOLUTE
    ../fplib/fmul.s                          0x00000000   Number         0  fmul.o ABSOLUTE
    ../fplib/fnaninf.s                       0x00000000   Number         0  fnaninf.o ABSOLUTE
    ../fplib/fpinit.s                        0x00000000   Number         0  fpinit.o ABSOLUTE
    ../fplib/fpinit_empty.s                  0x00000000   Number         0  fpinit_empty.o ABSOLUTE
    ../fplib/fretinf.s                       0x00000000   Number         0  fretinf.o ABSOLUTE
    ../fplib/retnan.s                        0x00000000   Number         0  retnan.o ABSOLUTE
    ../fplib/scalbn.s                        0x00000000   Number         0  scalbn.o ABSOLUTE
    ../fplib/trapv.s                         0x00000000   Number         0  trapv.o ABSOLUTE
    ../fplib/usenofp.s                       0x00000000   Number         0  usenofp.o ABSOLUTE
    ../mathlib/dunder.c                      0x00000000   Number         0  dunder.o ABSOLUTE
    ../mathlib/fpclassify.c                  0x00000000   Number         0  fpclassify.o ABSOLUTE
    ../mathlib/poly.c                        0x00000000   Number         0  poly.o ABSOLUTE
    ../mathlib/pow.c                         0x00000000   Number         0  pow.o ABSOLUTE
    ../mathlib/qnan.c                        0x00000000   Number         0  qnan.o ABSOLUTE
    ../mathlib/sqrt.c                        0x00000000   Number         0  sqrt.o ABSOLUTE
    ADC_DRIVER.c                             0x00000000   Number         0  adc_driver.o ABSOLUTE
    Buzzer.c                                 0x00000000   Number         0  buzzer.o ABSOLUTE
    GPIO_DRIVER.c                            0x00000000   Number         0  gpio_driver.o ABSOLUTE
    GPIO_STM32F10x.c                         0x00000000   Number         0  gpio_stm32f10x.o ABSOLUTE
    I2C_DRIVER.c                             0x00000000   Number         0  i2c_driver.o ABSOLUTE
    MOTOR_DRIVER.c                           0x00000000   Number         0  motor_driver.o ABSOLUTE
    OLED DRIVER.c                            0x00000000   Number         0  oled driver.o ABSOLUTE
    PID.c                                    0x00000000   Number         0  pid.o ABSOLUTE
    RTE/Device/STM32F103RB/startup_stm32f10x_md.s 0x00000000   Number         0  startup_stm32f10x_md.o ABSOLUTE
    SPI_DRIVER.c                             0x00000000   Number         0  spi_driver.o ABSOLUTE
    SYSTEM_CLOCK.c                           0x00000000   Number         0  system_clock.o ABSOLUTE
    SYSTICK_DRIVER.c                         0x00000000   Number         0  systick_driver.o ABSOLUTE
    TIMER1_DRIVER.c                          0x00000000   Number         0  timer1_driver.o ABSOLUTE
    dc.s                                     0x00000000   Number         0  dc.o ABSOLUTE
    main.c                                   0x00000000   Number         0  main.o ABSOLUTE
    retarget_io.c                            0x00000000   Number         0  retarget_io.o ABSOLUTE
    system_stm32f10x.c                       0x00000000   Number         0  system_stm32f10x.o ABSOLUTE
    RESET                                    0x08000000   Section      236  startup_stm32f10x_md.o(RESET)
    !!!main                                  0x080000ec   Section        8  __main.o(!!!main)
    !!!scatter                               0x080000f4   Section       92  __scatter.o(!!!scatter)
    !!handler_copy                           0x08000150   Section       26  __scatter_copy.o(!!handler_copy)
    !!handler_null                           0x0800016c   Section        2  __scatter.o(!!handler_null)
    !!handler_zi                             0x08000170   Section       28  __scatter_zi.o(!!handler_zi)
    .ARM.Collect$$libinit$$00000000          0x0800018c   Section        2  libinit.o(.ARM.Collect$$libinit$$00000000)
    .ARM.Collect$$libinit$$00000002          0x0800018e   Section        0  libinit2.o(.ARM.Collect$$libinit$$00000002)
    .ARM.Collect$$libinit$$00000004          0x0800018e   Section        0  libinit2.o(.ARM.Collect$$libinit$$00000004)
    .ARM.Collect$$libinit$$00000006          0x0800018e   Section        0  libinit2.o(.ARM.Collect$$libinit$$00000006)
    .ARM.Collect$$libinit$$0000000C          0x0800018e   Section        0  libinit2.o(.ARM.Collect$$libinit$$0000000C)
    .ARM.Collect$$libinit$$0000000E          0x0800018e   Section        0  libinit2.o(.ARM.Collect$$libinit$$0000000E)
    .ARM.Collect$$libinit$$00000010          0x0800018e   Section        0  libinit2.o(.ARM.Collect$$libinit$$00000010)
    .ARM.Collect$$libinit$$00000013          0x0800018e   Section        0  libinit2.o(.ARM.Collect$$libinit$$00000013)
    .ARM.Collect$$libinit$$00000015          0x0800018e   Section        0  libinit2.o(.ARM.Collect$$libinit$$00000015)
    .ARM.Collect$$libinit$$00000017          0x0800018e   Section        0  libinit2.o(.ARM.Collect$$libinit$$00000017)
    .ARM.Collect$$libinit$$00000019          0x0800018e   Section        0  libinit2.o(.ARM.Collect$$libinit$$00000019)
    .ARM.Collect$$libinit$$0000001B          0x0800018e   Section        0  libinit2.o(.ARM.Collect$$libinit$$0000001B)
    .ARM.Collect$$libinit$$0000001D          0x0800018e   Section        0  libinit2.o(.ARM.Collect$$libinit$$0000001D)
    .ARM.Collect$$libinit$$0000001F          0x0800018e   Section        0  libinit2.o(.ARM.Collect$$libinit$$0000001F)
    .ARM.Collect$$libinit$$00000021          0x0800018e   Section        0  libinit2.o(.ARM.Collect$$libinit$$00000021)
    .ARM.Collect$$libinit$$00000023          0x0800018e   Section        0  libinit2.o(.ARM.Collect$$libinit$$00000023)
    .ARM.Collect$$libinit$$00000025          0x0800018e   Section        0  libinit2.o(.ARM.Collect$$libinit$$00000025)
    .ARM.Collect$$libinit$$00000027          0x0800018e   Section        0  libinit2.o(.ARM.Collect$$libinit$$00000027)
    .ARM.Collect$$libinit$$0000002E          0x0800018e   Section        0  libinit2.o(.ARM.Collect$$libinit$$0000002E)
    .ARM.Collect$$libinit$$00000030          0x0800018e   Section        0  libinit2.o(.ARM.Collect$$libinit$$00000030)
    .ARM.Collect$$libinit$$00000032          0x0800018e   Section        0  libinit2.o(.ARM.Collect$$libinit$$00000032)
    .ARM.Collect$$libinit$$00000034          0x0800018e   Section        0  libinit2.o(.ARM.Collect$$libinit$$00000034)
    .ARM.Collect$$libinit$$00000035          0x0800018e   Section        2  libinit2.o(.ARM.Collect$$libinit$$00000035)
    .ARM.Collect$$libshutdown$$00000000      0x08000190   Section        2  libshutdown.o(.ARM.Collect$$libshutdown$$00000000)
    .ARM.Collect$$libshutdown$$00000002      0x08000192   Section        0  libshutdown2.o(.ARM.Collect$$libshutdown$$00000002)
    .ARM.Collect$$libshutdown$$00000004      0x08000192   Section        0  libshutdown2.o(.ARM.Collect$$libshutdown$$00000004)
    .ARM.Collect$$libshutdown$$00000007      0x08000192   Section        0  libshutdown2.o(.ARM.Collect$$libshutdown$$00000007)
    .ARM.Collect$$libshutdown$$0000000A      0x08000192   Section        0  libshutdown2.o(.ARM.Collect$$libshutdown$$0000000A)
    .ARM.Collect$$libshutdown$$0000000C      0x08000192   Section        0  libshutdown2.o(.ARM.Collect$$libshutdown$$0000000C)
    .ARM.Collect$$libshutdown$$0000000F      0x08000192   Section        0  libshutdown2.o(.ARM.Collect$$libshutdown$$0000000F)
    .ARM.Collect$$libshutdown$$00000010      0x08000192   Section        2  libshutdown2.o(.ARM.Collect$$libshutdown$$00000010)
    .ARM.Collect$$rtentry$$00000000          0x08000194   Section        0  __rtentry.o(.ARM.Collect$$rtentry$$00000000)
    .ARM.Collect$$rtentry$$00000002          0x08000194   Section        0  __rtentry2.o(.ARM.Collect$$rtentry$$00000002)
    .ARM.Collect$$rtentry$$00000004          0x08000194   Section        6  __rtentry4.o(.ARM.Collect$$rtentry$$00000004)
    .ARM.Collect$$rtentry$$00000009          0x0800019a   Section        0  __rtentry2.o(.ARM.Collect$$rtentry$$00000009)
    .ARM.Collect$$rtentry$$0000000A          0x0800019a   Section        4  __rtentry2.o(.ARM.Collect$$rtentry$$0000000A)
    .ARM.Collect$$rtentry$$0000000C          0x0800019e   Section        0  __rtentry2.o(.ARM.Collect$$rtentry$$0000000C)
    .ARM.Collect$$rtentry$$0000000D          0x0800019e   Section        8  __rtentry2.o(.ARM.Collect$$rtentry$$0000000D)
    .ARM.Collect$$rtexit$$00000000           0x080001a6   Section        2  rtexit.o(.ARM.Collect$$rtexit$$00000000)
    .ARM.Collect$$rtexit$$00000002           0x080001a8   Section        0  rtexit2.o(.ARM.Collect$$rtexit$$00000002)
    .ARM.Collect$$rtexit$$00000003           0x080001a8   Section        4  rtexit2.o(.ARM.Collect$$rtexit$$00000003)
    .ARM.Collect$$rtexit$$00000004           0x080001ac   Section        6  rtexit2.o(.ARM.Collect$$rtexit$$00000004)
    .text                                    0x080001b4   Section       64  startup_stm32f10x_md.o(.text)
    .text                                    0x080001f4   Section        0  heapauxi.o(.text)
    .text                                    0x080001fa   Section        0  _rserrno.o(.text)
    .text                                    0x08000210   Section        8  rt_errno_addr_intlibspace.o(.text)
    .text                                    0x08000218   Section        8  libspace.o(.text)
    .text                                    0x08000220   Section       74  sys_stackheap_outer.o(.text)
    .text                                    0x0800026a   Section        0  exit.o(.text)
    .text                                    0x0800027c   Section        0  sys_exit.o(.text)
    .text                                    0x08000288   Section        2  use_no_semi.o(.text)
    .text                                    0x0800028a   Section        0  indicate_semi.o(.text)
    [Anonymous Symbol]                       0x0800028c   Section        0  gpio_driver.o(.text.InitGPIO)
    [Anonymous Symbol]                       0x08000380   Section        0  pid.o(.text.PIDControl)
    SetSysClock                              0x08000539   Thumb Code     8  system_stm32f10x.o(.text.SetSysClock)
    [Anonymous Symbol]                       0x08000538   Section        0  system_stm32f10x.o(.text.SetSysClock)
    SetSysClockTo72                          0x08000541   Thumb Code   290  system_stm32f10x.o(.text.SetSysClockTo72)
    [Anonymous Symbol]                       0x08000540   Section        0  system_stm32f10x.o(.text.SetSysClockTo72)
    [Anonymous Symbol]                       0x08000664   Section        0  systick_driver.o(.text.SysTick_DelayMc)
    [Anonymous Symbol]                       0x08000684   Section        0  systick_driver.o(.text.SysTick_DelayMicro)
    [Anonymous Symbol]                       0x0800069c   Section        0  systick_driver.o(.text.SysTick_DelayMs)
    [Anonymous Symbol]                       0x080006c8   Section        0  system_stm32f10x.o(.text.SystemInit)
    [Anonymous Symbol]                       0x08000730   Section        0  gpio_driver.o(.text.WRITE_GPIO)
    [Anonymous Symbol]                       0x080007c4   Section        0  adc_driver.o(.text.adcFlag)
    [Anonymous Symbol]                       0x08000828   Section        0  adc_driver.o(.text.adcMultiInit)
    [Anonymous Symbol]                       0x08000974   Section        0  adc_driver.o(.text.adcMultiRead)
    [Anonymous Symbol]                       0x08000a94   Section        0  motor_driver.o(.text.direction)
    [Anonymous Symbol]                       0x08000c30   Section        0  main.o(.text.main)
    [Anonymous Symbol]                       0x08000d2c   Section        0  motor_driver.o(.text.motorSignalsMc)
    [Anonymous Symbol]                       0x08000dfc   Section        0  pid.o(.text.positionFind)
    [Anonymous Symbol]                       0x08000e8c   Section        0  systick_driver.o(.text.systickTimer_init)
    [Anonymous Symbol]                       0x08000eb8   Section        0  timer1_driver.o(.text.timer1Capture_micro)
    [Anonymous Symbol]                       0x08000f40   Section        0  timer1_driver.o(.text.timer1PWM_micros)
    [Anonymous Symbol]                       0x08000fcc   Section        0  timer1_driver.o(.text.timerCatch)
    i.__ARM_fpclassify                       0x08001012   Section        0  fpclassify.o(i.__ARM_fpclassify)
    i.__kernel_poly                          0x0800103a   Section        0  poly.o(i.__kernel_poly)
    i.__mathlib_dbl_divzero                  0x080010e4   Section        0  dunder.o(i.__mathlib_dbl_divzero)
    i.__mathlib_dbl_infnan2                  0x080010f4   Section        0  dunder.o(i.__mathlib_dbl_infnan2)
    i.__mathlib_dbl_invalid                  0x080010f8   Section        0  dunder.o(i.__mathlib_dbl_invalid)
    i.__mathlib_dbl_overflow                 0x08001104   Section        0  dunder.o(i.__mathlib_dbl_overflow)
    i.__mathlib_dbl_underflow                0x08001114   Section        0  dunder.o(i.__mathlib_dbl_underflow)
    i.pow                                    0x08001124   Section        0  pow.o(i.pow)
    i.sqrt                                   0x08001b10   Section        0  sqrt.o(i.sqrt)
    x$fpl$dadd                               0x08001b5c   Section      336  daddsub_clz.o(x$fpl$dadd)
    _dadd1                                   0x08001b6d   Thumb Code     0  daddsub_clz.o(x$fpl$dadd)
    x$fpl$dcheck1                            0x08001cac   Section       16  dcheck1.o(x$fpl$dcheck1)
    x$fpl$dcmpinf                            0x08001cbc   Section       24  dcmpi.o(x$fpl$dcmpinf)
    x$fpl$ddiv                               0x08001cd4   Section      696  ddiv.o(x$fpl$ddiv)
    ddiv_entry                               0x08001cdb   Thumb Code     0  ddiv.o(x$fpl$ddiv)
    x$fpl$dfix                               0x08001f8c   Section       94  dfix.o(x$fpl$dfix)
    x$fpl$dflt                               0x08001fea   Section       46  dflt_clz.o(x$fpl$dflt)
    x$fpl$dleqf                              0x08002018   Section      120  dleqf.o(x$fpl$dleqf)
    x$fpl$dmul                               0x08002090   Section      340  dmul.o(x$fpl$dmul)
    x$fpl$dnaninf                            0x080021e4   Section      156  dnaninf.o(x$fpl$dnaninf)
    x$fpl$dretinf                            0x08002280   Section       12  dretinf.o(x$fpl$dretinf)
    x$fpl$drleqf                             0x0800228c   Section      108  drleqf.o(x$fpl$drleqf)
    x$fpl$drsb                               0x080022f8   Section       22  daddsub_clz.o(x$fpl$drsb)
    x$fpl$dsqrt                              0x08002310   Section      460  dsqrt_noumaal.o(x$fpl$dsqrt)
    x$fpl$dsub                               0x080024dc   Section      476  daddsub_clz.o(x$fpl$dsub)
    _dsub1                                   0x080024ed   Thumb Code     0  daddsub_clz.o(x$fpl$dsub)
    x$fpl$f2d                                0x080026b8   Section       86  f2d.o(x$fpl$f2d)
    x$fpl$fadd                               0x08002710   Section      196  faddsub_clz.o(x$fpl$fadd)
    _fadd1                                   0x0800271f   Thumb Code     0  faddsub_clz.o(x$fpl$fadd)
    x$fpl$ffix                               0x080027d4   Section       54  ffix.o(x$fpl$ffix)
    x$fpl$fflt                               0x0800280c   Section       48  fflt_clz.o(x$fpl$fflt)
    x$fpl$fmul                               0x0800283c   Section      258  fmul.o(x$fpl$fmul)
    x$fpl$fnaninf                            0x0800293e   Section      140  fnaninf.o(x$fpl$fnaninf)
    x$fpl$fretinf                            0x080029ca   Section       10  fretinf.o(x$fpl$fretinf)
    x$fpl$fsub                               0x080029d4   Section      234  faddsub_clz.o(x$fpl$fsub)
    _fsub1                                   0x080029e3   Thumb Code     0  faddsub_clz.o(x$fpl$fsub)
    x$fpl$retnan                             0x08002abe   Section      100  retnan.o(x$fpl$retnan)
    x$fpl$scalbn                             0x08002b22   Section       92  scalbn.o(x$fpl$scalbn)
    x$fpl$trapveneer                         0x08002b7e   Section       48  trapv.o(x$fpl$trapveneer)
    x$fpl$usenofp                            0x08002bae   Section        0  usenofp.o(x$fpl$usenofp)
    bp                                       0x08002bb0   Data          16  pow.o(.constdata)
    .constdata                               0x08002bb0   Section      136  pow.o(.constdata)
    dp_h                                     0x08002bc0   Data          16  pow.o(.constdata)
    dp_l                                     0x08002bd0   Data          16  pow.o(.constdata)
    L                                        0x08002be0   Data          48  pow.o(.constdata)
    P                                        0x08002c10   Data          40  pow.o(.constdata)
    .constdata                               0x08002c38   Section        8  qnan.o(.constdata)
    .bss                                     0x20000030   Section       96  libspace.o(.bss)
    Heap_Mem                                 0x200000c8   Data         512  startup_stm32f10x_md.o(HEAP)
    HEAP                                     0x200000c8   Section      512  startup_stm32f10x_md.o(HEAP)
    Stack_Mem                                0x200002c8   Data        1024  startup_stm32f10x_md.o(STACK)
    STACK                                    0x200002c8   Section     1024  startup_stm32f10x_md.o(STACK)
    __initial_sp                             0x200006c8   Data           0  startup_stm32f10x_md.o(STACK)

    Global Symbols

    Symbol Name                              Value     Ov Type        Size  Object(Section)

    BuildAttributes$$THM_ISAv4$P$D$K$B$S$PE$A:L22UL41UL21$X:L11$S22US41US21$IEEE1$IW$~IW$USESV6$~STKCKD$USESV7$~SHL$OTIME$ROPI$IEEEX$EBA8$UX$STANDARDLIB$REQ8$PRES8$EABIv2 0x00000000   Number         0  anon$$obj.o ABSOLUTE
    __fp_init_empty                          0x00000000   Number         0  fpinit_empty.o ABSOLUTE
    __ARM_exceptions_init                     - Undefined Weak Reference
    __alloca_initialize                       - Undefined Weak Reference
    __arm_preinit_                            - Undefined Weak Reference
    __arm_relocate_pie_                       - Undefined Weak Reference
    __cpp_initialize__aeabi_                  - Undefined Weak Reference
    __cxa_finalize                            - Undefined Weak Reference
    __rt_locale                               - Undefined Weak Reference
    __sigvec_lookup                           - Undefined Weak Reference
    _atexit_init                              - Undefined Weak Reference
    _call_atexit_fns                          - Undefined Weak Reference
    _clock_init                               - Undefined Weak Reference
    _fp_trap_init                             - Undefined Weak Reference
    _fp_trap_shutdown                         - Undefined Weak Reference
    _get_lc_collate                           - Undefined Weak Reference
    _get_lc_ctype                             - Undefined Weak Reference
    _get_lc_monetary                          - Undefined Weak Reference
    _get_lc_numeric                           - Undefined Weak Reference
    _get_lc_time                              - Undefined Weak Reference
    _getenv_init                              - Undefined Weak Reference
    _handle_redirection                       - Undefined Weak Reference
    _init_alloc                               - Undefined Weak Reference
    _init_user_alloc                          - Undefined Weak Reference
    _initio                                   - Undefined Weak Reference
    _rand_init                                - Undefined Weak Reference
    _signal_finish                            - Undefined Weak Reference
    _signal_init                              - Undefined Weak Reference
    _terminate_alloc                          - Undefined Weak Reference
    _terminate_user_alloc                     - Undefined Weak Reference
    _terminateio                              - Undefined Weak Reference
    __Vectors_Size                           0x000000ec   Number         0  startup_stm32f10x_md.o ABSOLUTE
    __Vectors                                0x08000000   Data           4  startup_stm32f10x_md.o(RESET)
    __Vectors_End                            0x080000ec   Data           0  startup_stm32f10x_md.o(RESET)
    __main                                   0x080000ed   Thumb Code     8  __main.o(!!!main)
    __scatterload                            0x080000f5   Thumb Code     0  __scatter.o(!!!scatter)
    __scatterload_rt2                        0x080000f5   Thumb Code    84  __scatter.o(!!!scatter)
    __scatterload_rt2_thumb_only             0x080000f5   Thumb Code     0  __scatter.o(!!!scatter)
    __scatterload_loop                       0x080000ff   Thumb Code     0  __scatter.o(!!!scatter)
    __scatterload_copy                       0x08000151   Thumb Code    26  __scatter_copy.o(!!handler_copy)
    __scatterload_null                       0x0800016d   Thumb Code     2  __scatter.o(!!handler_null)
    __scatterload_zeroinit                   0x08000171   Thumb Code    28  __scatter_zi.o(!!handler_zi)
    __rt_lib_init                            0x0800018d   Thumb Code     0  libinit.o(.ARM.Collect$$libinit$$00000000)
    __rt_lib_init_alloca_1                   0x0800018f   Thumb Code     0  libinit2.o(.ARM.Collect$$libinit$$00000030)
    __rt_lib_init_argv_1                     0x0800018f   Thumb Code     0  libinit2.o(.ARM.Collect$$libinit$$0000002E)
    __rt_lib_init_atexit_1                   0x0800018f   Thumb Code     0  libinit2.o(.ARM.Collect$$libinit$$0000001D)
    __rt_lib_init_clock_1                    0x0800018f   Thumb Code     0  libinit2.o(.ARM.Collect$$libinit$$00000023)
    __rt_lib_init_cpp_1                      0x0800018f   Thumb Code     0  libinit2.o(.ARM.Collect$$libinit$$00000034)
    __rt_lib_init_exceptions_1               0x0800018f   Thumb Code     0  libinit2.o(.ARM.Collect$$libinit$$00000032)
    __rt_lib_init_fp_1                       0x0800018f   Thumb Code     0  libinit2.o(.ARM.Collect$$libinit$$00000002)
    __rt_lib_init_fp_trap_1                  0x0800018f   Thumb Code     0  libinit2.o(.ARM.Collect$$libinit$$00000021)
    __rt_lib_init_getenv_1                   0x0800018f   Thumb Code     0  libinit2.o(.ARM.Collect$$libinit$$00000025)
    __rt_lib_init_heap_1                     0x0800018f   Thumb Code     0  libinit2.o(.ARM.Collect$$libinit$$0000000C)
    __rt_lib_init_lc_collate_1               0x0800018f   Thumb Code     0  libinit2.o(.ARM.Collect$$libinit$$00000013)
    __rt_lib_init_lc_ctype_1                 0x0800018f   Thumb Code     0  libinit2.o(.ARM.Collect$$libinit$$00000015)
    __rt_lib_init_lc_monetary_1              0x0800018f   Thumb Code     0  libinit2.o(.ARM.Collect$$libinit$$00000017)
    __rt_lib_init_lc_numeric_1               0x0800018f   Thumb Code     0  libinit2.o(.ARM.Collect$$libinit$$00000019)
    __rt_lib_init_lc_time_1                  0x0800018f   Thumb Code     0  libinit2.o(.ARM.Collect$$libinit$$0000001B)
    __rt_lib_init_preinit_1                  0x0800018f   Thumb Code     0  libinit2.o(.ARM.Collect$$libinit$$00000006)
    __rt_lib_init_rand_1                     0x0800018f   Thumb Code     0  libinit2.o(.ARM.Collect$$libinit$$00000010)
    __rt_lib_init_relocate_pie_1             0x0800018f   Thumb Code     0  libinit2.o(.ARM.Collect$$libinit$$00000004)
    __rt_lib_init_return                     0x0800018f   Thumb Code     0  libinit2.o(.ARM.Collect$$libinit$$00000035)
    __rt_lib_init_signal_1                   0x0800018f   Thumb Code     0  libinit2.o(.ARM.Collect$$libinit$$0000001F)
    __rt_lib_init_stdio_1                    0x0800018f   Thumb Code     0  libinit2.o(.ARM.Collect$$libinit$$00000027)
    __rt_lib_init_user_alloc_1               0x0800018f   Thumb Code     0  libinit2.o(.ARM.Collect$$libinit$$0000000E)
    __rt_lib_shutdown                        0x08000191   Thumb Code     0  libshutdown.o(.ARM.Collect$$libshutdown$$00000000)
    __rt_lib_shutdown_cpp_1                  0x08000193   Thumb Code     0  libshutdown2.o(.ARM.Collect$$libshutdown$$00000002)
    __rt_lib_shutdown_fp_trap_1              0x08000193   Thumb Code     0  libshutdown2.o(.ARM.Collect$$libshutdown$$00000007)
    __rt_lib_shutdown_heap_1                 0x08000193   Thumb Code     0  libshutdown2.o(.ARM.Collect$$libshutdown$$0000000F)
    __rt_lib_shutdown_return                 0x08000193   Thumb Code     0  libshutdown2.o(.ARM.Collect$$libshutdown$$00000010)
    __rt_lib_shutdown_signal_1               0x08000193   Thumb Code     0  libshutdown2.o(.ARM.Collect$$libshutdown$$0000000A)
    __rt_lib_shutdown_stdio_1                0x08000193   Thumb Code     0  libshutdown2.o(.ARM.Collect$$libshutdown$$00000004)
    __rt_lib_shutdown_user_alloc_1           0x08000193   Thumb Code     0  libshutdown2.o(.ARM.Collect$$libshutdown$$0000000C)
    __rt_entry                               0x08000195   Thumb Code     0  __rtentry.o(.ARM.Collect$$rtentry$$00000000)
    __rt_entry_presh_1                       0x08000195   Thumb Code     0  __rtentry2.o(.ARM.Collect$$rtentry$$00000002)
    __rt_entry_sh                            0x08000195   Thumb Code     0  __rtentry4.o(.ARM.Collect$$rtentry$$00000004)
    __rt_entry_li                            0x0800019b   Thumb Code     0  __rtentry2.o(.ARM.Collect$$rtentry$$0000000A)
    __rt_entry_postsh_1                      0x0800019b   Thumb Code     0  __rtentry2.o(.ARM.Collect$$rtentry$$00000009)
    __rt_entry_main                          0x0800019f   Thumb Code     0  __rtentry2.o(.ARM.Collect$$rtentry$$0000000D)
    __rt_entry_postli_1                      0x0800019f   Thumb Code     0  __rtentry2.o(.ARM.Collect$$rtentry$$0000000C)
    __rt_exit                                0x080001a7   Thumb Code     0  rtexit.o(.ARM.Collect$$rtexit$$00000000)
    __rt_exit_ls                             0x080001a9   Thumb Code     0  rtexit2.o(.ARM.Collect$$rtexit$$00000003)
    __rt_exit_prels_1                        0x080001a9   Thumb Code     0  rtexit2.o(.ARM.Collect$$rtexit$$00000002)
    __rt_exit_exit                           0x080001ad   Thumb Code     0  rtexit2.o(.ARM.Collect$$rtexit$$00000004)
    Reset_Handler                            0x080001b5   Thumb Code     8  startup_stm32f10x_md.o(.text)
    NMI_Handler                              0x080001bd   Thumb Code     2  startup_stm32f10x_md.o(.text)
    HardFault_Handler                        0x080001bf   Thumb Code     2  startup_stm32f10x_md.o(.text)
    MemManage_Handler                        0x080001c1   Thumb Code     2  startup_stm32f10x_md.o(.text)
    BusFault_Handler                         0x080001c3   Thumb Code     2  startup_stm32f10x_md.o(.text)
    UsageFault_Handler                       0x080001c5   Thumb Code     2  startup_stm32f10x_md.o(.text)
    SVC_Handler                              0x080001c7   Thumb Code     2  startup_stm32f10x_md.o(.text)
    DebugMon_Handler                         0x080001c9   Thumb Code     2  startup_stm32f10x_md.o(.text)
    PendSV_Handler                           0x080001cb   Thumb Code     2  startup_stm32f10x_md.o(.text)
    SysTick_Handler                          0x080001cd   Thumb Code     2  startup_stm32f10x_md.o(.text)
    ADC1_2_IRQHandler                        0x080001cf   Thumb Code     0  startup_stm32f10x_md.o(.text)
    CAN1_RX1_IRQHandler                      0x080001cf   Thumb Code     0  startup_stm32f10x_md.o(.text)
    CAN1_SCE_IRQHandler                      0x080001cf   Thumb Code     0  startup_stm32f10x_md.o(.text)
    DMA1_Channel1_IRQHandler                 0x080001cf   Thumb Code     0  startup_stm32f10x_md.o(.text)
    DMA1_Channel2_IRQHandler                 0x080001cf   Thumb Code     0  startup_stm32f10x_md.o(.text)
    DMA1_Channel3_IRQHandler                 0x080001cf   Thumb Code     0  startup_stm32f10x_md.o(.text)
    DMA1_Channel4_IRQHandler                 0x080001cf   Thumb Code     0  startup_stm32f10x_md.o(.text)
    DMA1_Channel5_IRQHandler                 0x080001cf   Thumb Code     0  startup_stm32f10x_md.o(.text)
    DMA1_Channel6_IRQHandler                 0x080001cf   Thumb Code     0  startup_stm32f10x_md.o(.text)
    DMA1_Channel7_IRQHandler                 0x080001cf   Thumb Code     0  startup_stm32f10x_md.o(.text)
    EXTI0_IRQHandler                         0x080001cf   Thumb Code     0  startup_stm32f10x_md.o(.text)
    EXTI15_10_IRQHandler                     0x080001cf   Thumb Code     0  startup_stm32f10x_md.o(.text)
    EXTI1_IRQHandler                         0x080001cf   Thumb Code     0  startup_stm32f10x_md.o(.text)
    EXTI2_IRQHandler                         0x080001cf   Thumb Code     0  startup_stm32f10x_md.o(.text)
    EXTI3_IRQHandler                         0x080001cf   Thumb Code     0  startup_stm32f10x_md.o(.text)
    EXTI4_IRQHandler                         0x080001cf   Thumb Code     0  startup_stm32f10x_md.o(.text)
    EXTI9_5_IRQHandler                       0x080001cf   Thumb Code     0  startup_stm32f10x_md.o(.text)
    FLASH_IRQHandler                         0x080001cf   Thumb Code     0  startup_stm32f10x_md.o(.text)
    I2C1_ER_IRQHandler                       0x080001cf   Thumb Code     0  startup_stm32f10x_md.o(.text)
    I2C1_EV_IRQHandler                       0x080001cf   Thumb Code     0  startup_stm32f10x_md.o(.text)
    I2C2_ER_IRQHandler                       0x080001cf   Thumb Code     0  startup_stm32f10x_md.o(.text)
    I2C2_EV_IRQHandler                       0x080001cf   Thumb Code     0  startup_stm32f10x_md.o(.text)
    PVD_IRQHandler                           0x080001cf   Thumb Code     0  startup_stm32f10x_md.o(.text)
    RCC_IRQHandler                           0x080001cf   Thumb Code     0  startup_stm32f10x_md.o(.text)
    RTCAlarm_IRQHandler                      0x080001cf   Thumb Code     0  startup_stm32f10x_md.o(.text)
    RTC_IRQHandler                           0x080001cf   Thumb Code     0  startup_stm32f10x_md.o(.text)
    SPI1_IRQHandler                          0x080001cf   Thumb Code     0  startup_stm32f10x_md.o(.text)
    SPI2_IRQHandler                          0x080001cf   Thumb Code     0  startup_stm32f10x_md.o(.text)
    TAMPER_IRQHandler                        0x080001cf   Thumb Code     0  startup_stm32f10x_md.o(.text)
    TIM1_BRK_IRQHandler                      0x080001cf   Thumb Code     0  startup_stm32f10x_md.o(.text)
    TIM1_CC_IRQHandler                       0x080001cf   Thumb Code     0  startup_stm32f10x_md.o(.text)
    TIM1_TRG_COM_IRQHandler                  0x080001cf   Thumb Code     0  startup_stm32f10x_md.o(.text)
    TIM1_UP_IRQHandler                       0x080001cf   Thumb Code     0  startup_stm32f10x_md.o(.text)
    TIM2_IRQHandler                          0x080001cf   Thumb Code     0  startup_stm32f10x_md.o(.text)
    TIM3_IRQHandler                          0x080001cf   Thumb Code     0  startup_stm32f10x_md.o(.text)
    TIM4_IRQHandler                          0x080001cf   Thumb Code     0  startup_stm32f10x_md.o(.text)
    USART1_IRQHandler                        0x080001cf   Thumb Code     0  startup_stm32f10x_md.o(.text)
    USART2_IRQHandler                        0x080001cf   Thumb Code     0  startup_stm32f10x_md.o(.text)
    USART3_IRQHandler                        0x080001cf   Thumb Code     0  startup_stm32f10x_md.o(.text)
    USBWakeUp_IRQHandler                     0x080001cf   Thumb Code     0  startup_stm32f10x_md.o(.text)
    USB_HP_CAN1_TX_IRQHandler                0x080001cf   Thumb Code     0  startup_stm32f10x_md.o(.text)
    USB_LP_CAN1_RX0_IRQHandler               0x080001cf   Thumb Code     0  startup_stm32f10x_md.o(.text)
    WWDG_IRQHandler                          0x080001cf   Thumb Code     0  startup_stm32f10x_md.o(.text)
    __user_initial_stackheap                 0x080001d1   Thumb Code     0  startup_stm32f10x_md.o(.text)
    __use_two_region_memory                  0x080001f5   Thumb Code     2  heapauxi.o(.text)
    __rt_heap_escrow$2region                 0x080001f7   Thumb Code     2  heapauxi.o(.text)
    __rt_heap_expand$2region                 0x080001f9   Thumb Code     2  heapauxi.o(.text)
    __read_errno                             0x080001fb   Thumb Code    10  _rserrno.o(.text)
    __set_errno                              0x08000205   Thumb Code    12  _rserrno.o(.text)
    __aeabi_errno_addr                       0x08000211   Thumb Code     8  rt_errno_addr_intlibspace.o(.text)
    __errno$intlibspace                      0x08000211   Thumb Code     0  rt_errno_addr_intlibspace.o(.text)
    __rt_errno_addr$intlibspace              0x08000211   Thumb Code     0  rt_errno_addr_intlibspace.o(.text)
    __user_libspace                          0x08000219   Thumb Code     8  libspace.o(.text)
    __user_perproc_libspace                  0x08000219   Thumb Code     0  libspace.o(.text)
    __user_perthread_libspace                0x08000219   Thumb Code     0  libspace.o(.text)
    __user_setup_stackheap                   0x08000221   Thumb Code    74  sys_stackheap_outer.o(.text)
    exit                                     0x0800026b   Thumb Code    18  exit.o(.text)
    _sys_exit                                0x0800027d   Thumb Code     8  sys_exit.o(.text)
    __I$use$semihosting                      0x08000289   Thumb Code     0  use_no_semi.o(.text)
    __use_no_semihosting_swi                 0x08000289   Thumb Code     2  use_no_semi.o(.text)
    __semihosting_library_function           0x0800028b   Thumb Code     0  indicate_semi.o(.text)
    InitGPIO                                 0x0800028d   Thumb Code   242  gpio_driver.o(.text.InitGPIO)
    PIDControl                               0x08000381   Thumb Code   440  pid.o(.text.PIDControl)
    SysTick_DelayMc                          0x08000665   Thumb Code    32  systick_driver.o(.text.SysTick_DelayMc)
    SysTick_DelayMicro                       0x08000685   Thumb Code    24  systick_driver.o(.text.SysTick_DelayMicro)
    SysTick_DelayMs                          0x0800069d   Thumb Code    42  systick_driver.o(.text.SysTick_DelayMs)
    SystemInit                               0x080006c9   Thumb Code   102  system_stm32f10x.o(.text.SystemInit)
    WRITE_GPIO                               0x08000731   Thumb Code   146  gpio_driver.o(.text.WRITE_GPIO)
    adcFlag                                  0x080007c5   Thumb Code    98  adc_driver.o(.text.adcFlag)
    adcMultiInit                             0x08000829   Thumb Code   332  adc_driver.o(.text.adcMultiInit)
    adcMultiRead                             0x08000975   Thumb Code   288  adc_driver.o(.text.adcMultiRead)
    direction                                0x08000a95   Thumb Code   410  motor_driver.o(.text.direction)
    main                                     0x08000c31   Thumb Code   252  main.o(.text.main)
    motorSignalsMc                           0x08000d2d   Thumb Code   206  motor_driver.o(.text.motorSignalsMc)
    positionFind                             0x08000dfd   Thumb Code   144  pid.o(.text.positionFind)
    systickTimer_init                        0x08000e8d   Thumb Code    42  systick_driver.o(.text.systickTimer_init)
    timer1Capture_micro                      0x08000eb9   Thumb Code   134  timer1_driver.o(.text.timer1Capture_micro)
    timer1PWM_micros                         0x08000f41   Thumb Code   140  timer1_driver.o(.text.timer1PWM_micros)
    timerCatch                               0x08000fcd   Thumb Code    70  timer1_driver.o(.text.timerCatch)
    __ARM_fpclassify                         0x08001013   Thumb Code    40  fpclassify.o(i.__ARM_fpclassify)
    __kernel_poly                            0x0800103b   Thumb Code   170  poly.o(i.__kernel_poly)
    __mathlib_dbl_divzero                    0x080010e5   Thumb Code    12  dunder.o(i.__mathlib_dbl_divzero)
    __mathlib_dbl_infnan2                    0x080010f5   Thumb Code     4  dunder.o(i.__mathlib_dbl_infnan2)
    __mathlib_dbl_invalid                    0x080010f9   Thumb Code    12  dunder.o(i.__mathlib_dbl_invalid)
    __mathlib_dbl_overflow                   0x08001105   Thumb Code    14  dunder.o(i.__mathlib_dbl_overflow)
    __mathlib_dbl_underflow                  0x08001115   Thumb Code    10  dunder.o(i.__mathlib_dbl_underflow)
    pow                                      0x08001125   Thumb Code  2532  pow.o(i.pow)
    sqrt                                     0x08001b11   Thumb Code    76  sqrt.o(i.sqrt)
    __aeabi_dadd                             0x08001b5d   Thumb Code     0  daddsub_clz.o(x$fpl$dadd)
    _dadd                                    0x08001b5d   Thumb Code   332  daddsub_clz.o(x$fpl$dadd)
    __fpl_dcheck_NaN1                        0x08001cad   Thumb Code    10  dcheck1.o(x$fpl$dcheck1)
    __fpl_dcmp_Inf                           0x08001cbd   Thumb Code    24  dcmpi.o(x$fpl$dcmpinf)
    __aeabi_ddiv                             0x08001cd5   Thumb Code     0  ddiv.o(x$fpl$ddiv)
    _ddiv                                    0x08001cd5   Thumb Code   560  ddiv.o(x$fpl$ddiv)
    __aeabi_d2iz                             0x08001f8d   Thumb Code     0  dfix.o(x$fpl$dfix)
    _dfix                                    0x08001f8d   Thumb Code    94  dfix.o(x$fpl$dfix)
    __aeabi_i2d                              0x08001feb   Thumb Code     0  dflt_clz.o(x$fpl$dflt)
    _dflt                                    0x08001feb   Thumb Code    46  dflt_clz.o(x$fpl$dflt)
    __aeabi_cdcmple                          0x08002019   Thumb Code     0  dleqf.o(x$fpl$dleqf)
    _dcmple                                  0x08002019   Thumb Code   120  dleqf.o(x$fpl$dleqf)
    __fpl_dcmple_InfNaN                      0x0800207b   Thumb Code     0  dleqf.o(x$fpl$dleqf)
    __aeabi_dmul                             0x08002091   Thumb Code     0  dmul.o(x$fpl$dmul)
    _dmul                                    0x08002091   Thumb Code   332  dmul.o(x$fpl$dmul)
    __fpl_dnaninf                            0x080021e5   Thumb Code   156  dnaninf.o(x$fpl$dnaninf)
    __fpl_dretinf                            0x08002281   Thumb Code    12  dretinf.o(x$fpl$dretinf)
    __aeabi_cdrcmple                         0x0800228d   Thumb Code     0  drleqf.o(x$fpl$drleqf)
    _drcmple                                 0x0800228d   Thumb Code   108  drleqf.o(x$fpl$drleqf)
    __aeabi_drsub                            0x080022f9   Thumb Code     0  daddsub_clz.o(x$fpl$drsb)
    _drsb                                    0x080022f9   Thumb Code    22  daddsub_clz.o(x$fpl$drsb)
    _dsqrt                                   0x08002311   Thumb Code   456  dsqrt_noumaal.o(x$fpl$dsqrt)
    __aeabi_dsub                             0x080024dd   Thumb Code     0  daddsub_clz.o(x$fpl$dsub)
    _dsub                                    0x080024dd   Thumb Code   472  daddsub_clz.o(x$fpl$dsub)
    __aeabi_f2d                              0x080026b9   Thumb Code     0  f2d.o(x$fpl$f2d)
    _f2d                                     0x080026b9   Thumb Code    86  f2d.o(x$fpl$f2d)
    __aeabi_fadd                             0x08002711   Thumb Code     0  faddsub_clz.o(x$fpl$fadd)
    _fadd                                    0x08002711   Thumb Code   196  faddsub_clz.o(x$fpl$fadd)
    __aeabi_f2iz                             0x080027d5   Thumb Code     0  ffix.o(x$fpl$ffix)
    _ffix                                    0x080027d5   Thumb Code    54  ffix.o(x$fpl$ffix)
    __aeabi_i2f                              0x0800280d   Thumb Code     0  fflt_clz.o(x$fpl$fflt)
    _fflt                                    0x0800280d   Thumb Code    48  fflt_clz.o(x$fpl$fflt)
    __aeabi_fmul                             0x0800283d   Thumb Code     0  fmul.o(x$fpl$fmul)
    _fmul                                    0x0800283d   Thumb Code   258  fmul.o(x$fpl$fmul)
    __fpl_fnaninf                            0x0800293f   Thumb Code   140  fnaninf.o(x$fpl$fnaninf)
    __fpl_fretinf                            0x080029cb   Thumb Code    10  fretinf.o(x$fpl$fretinf)
    __aeabi_fsub                             0x080029d5   Thumb Code     0  faddsub_clz.o(x$fpl$fsub)
    _fsub                                    0x080029d5   Thumb Code   234  faddsub_clz.o(x$fpl$fsub)
    __fpl_return_NaN                         0x08002abf   Thumb Code   100  retnan.o(x$fpl$retnan)
    __ARM_scalbn                             0x08002b23   Thumb Code    92  scalbn.o(x$fpl$scalbn)
    __fpl_cmpreturn                          0x08002b7f   Thumb Code    48  trapv.o(x$fpl$trapveneer)
    __I$use$fp                               0x08002bae   Number         0  usenofp.o(x$fpl$usenofp)
    __mathlib_zero                           0x08002c38   Data           8  qnan.o(.constdata)
    Region$$Table$$Base                      0x08002c40   Number         0  anon$$obj.o(Region$$Table)
    Region$$Table$$Limit                     0x08002c60   Number         0  anon$$obj.o(Region$$Table)
    Kd                                       0x20000000   Data           4  pid.o(.data.Kd)
    Kp                                       0x20000004   Data           4  pid.o(.data.Kp)
    Ts                                       0x20000008   Data           8  pid.o(.data.Ts)
    adcChannel                               0x20000010   Data          17  main.o(.data.adcChannel)
    biasSpeed                                0x20000024   Data           4  pid.o(.data.biasSpeed)
    numofchannel                             0x20000028   Data           1  main.o(.data.numofchannel)
    __libspace_start                         0x20000030   Data          96  libspace.o(.bss)
    Ki                                       0x20000090   Data           4  pid.o(.bss.Ki)
    __temporary_stack_top$libspace           0x20000090   Data           0  libspace.o(.bss)
    PID                                      0x20000094   Data           4  pid.o(.bss.PID)
    analogData                               0x20000098   Data          20  main.o(.bss.analogData)
    diffrence                                0x200000ac   Data           4  pid.o(.bss.diffrence)
    distance                                 0x200000b0   Data           4  main.o(.bss.distance)
    e                                        0x200000b4   Data           4  main.o(.bss.e)
    lastError                                0x200000b8   Data           4  pid.o(.bss.lastError)
    leftDuty                                 0x200000bc   Data           4  pid.o(.bss.leftDuty)
    rightDuty                                0x200000c0   Data           4  pid.o(.bss.rightDuty)
    sum                                      0x200000c4   Data           4  pid.o(.bss.sum)



==============================================================================

Memory Map of the image

  Image Entry point : 0x080001b5

  Load Region LR_1 (Base: 0x08000000, Size: 0x00002c8c, Max: 0xffffffff, ABSOLUTE)

    Execution Region ER_RO (Exec base: 0x08000000, Load base: 0x08000000, Size: 0x00002c60, Max: 0xffffffff, ABSOLUTE)

    Exec Addr    Load Addr    Size         Type   Attr      Idx    E Section Name        Object

    0x08000000   0x08000000   0x000000ec   Data   RO          240    RESET               startup_stm32f10x_md.o
    0x080000ec   0x080000ec   0x00000008   Code   RO          268  * !!!main             c_w.l(__main.o)
    0x080000f4   0x080000f4   0x0000005c   Code   RO          535    !!!scatter          c_w.l(__scatter.o)
    0x08000150   0x08000150   0x0000001a   Code   RO          539    !!handler_copy      c_w.l(__scatter_copy.o)
    0x0800016a   0x0800016a   0x00000002   PAD
    0x0800016c   0x0800016c   0x00000002   Code   RO          536    !!handler_null      c_w.l(__scatter.o)
    0x0800016e   0x0800016e   0x00000002   PAD
    0x08000170   0x08000170   0x0000001c   Code   RO          541    !!handler_zi        c_w.l(__scatter_zi.o)
    0x0800018c   0x0800018c   0x00000002   Code   RO          394    .ARM.Collect$$libinit$$00000000  c_w.l(libinit.o)
    0x0800018e   0x0800018e   0x00000000   Code   RO          402    .ARM.Collect$$libinit$$00000002  c_w.l(libinit2.o)
    0x0800018e   0x0800018e   0x00000000   Code   RO          404    .ARM.Collect$$libinit$$00000004  c_w.l(libinit2.o)
    0x0800018e   0x0800018e   0x00000000   Code   RO          406    .ARM.Collect$$libinit$$00000006  c_w.l(libinit2.o)
    0x0800018e   0x0800018e   0x00000000   Code   RO          409    .ARM.Collect$$libinit$$0000000C  c_w.l(libinit2.o)
    0x0800018e   0x0800018e   0x00000000   Code   RO          411    .ARM.Collect$$libinit$$0000000E  c_w.l(libinit2.o)
    0x0800018e   0x0800018e   0x00000000   Code   RO          413    .ARM.Collect$$libinit$$00000010  c_w.l(libinit2.o)
    0x0800018e   0x0800018e   0x00000000   Code   RO          416    .ARM.Collect$$libinit$$00000013  c_w.l(libinit2.o)
    0x0800018e   0x0800018e   0x00000000   Code   RO          418    .ARM.Collect$$libinit$$00000015  c_w.l(libinit2.o)
    0x0800018e   0x0800018e   0x00000000   Code   RO          420    .ARM.Collect$$libinit$$00000017  c_w.l(libinit2.o)
    0x0800018e   0x0800018e   0x00000000   Code   RO          422    .ARM.Collect$$libinit$$00000019  c_w.l(libinit2.o)
    0x0800018e   0x0800018e   0x00000000   Code   RO          424    .ARM.Collect$$libinit$$0000001B  c_w.l(libinit2.o)
    0x0800018e   0x0800018e   0x00000000   Code   RO          426    .ARM.Collect$$libinit$$0000001D  c_w.l(libinit2.o)
    0x0800018e   0x0800018e   0x00000000   Code   RO          428    .ARM.Collect$$libinit$$0000001F  c_w.l(libinit2.o)
    0x0800018e   0x0800018e   0x00000000   Code   RO          430    .ARM.Collect$$libinit$$00000021  c_w.l(libinit2.o)
    0x0800018e   0x0800018e   0x00000000   Code   RO          432    .ARM.Collect$$libinit$$00000023  c_w.l(libinit2.o)
    0x0800018e   0x0800018e   0x00000000   Code   RO          434    .ARM.Collect$$libinit$$00000025  c_w.l(libinit2.o)
    0x0800018e   0x0800018e   0x00000000   Code   RO          436    .ARM.Collect$$libinit$$00000027  c_w.l(libinit2.o)
    0x0800018e   0x0800018e   0x00000000   Code   RO          440    .ARM.Collect$$libinit$$0000002E  c_w.l(libinit2.o)
    0x0800018e   0x0800018e   0x00000000   Code   RO          442    .ARM.Collect$$libinit$$00000030  c_w.l(libinit2.o)
    0x0800018e   0x0800018e   0x00000000   Code   RO          444    .ARM.Collect$$libinit$$00000032  c_w.l(libinit2.o)
    0x0800018e   0x0800018e   0x00000000   Code   RO          446    .ARM.Collect$$libinit$$00000034  c_w.l(libinit2.o)
    0x0800018e   0x0800018e   0x00000002   Code   RO          447    .ARM.Collect$$libinit$$00000035  c_w.l(libinit2.o)
    0x08000190   0x08000190   0x00000002   Code   RO          471    .ARM.Collect$$libshutdown$$00000000  c_w.l(libshutdown.o)
    0x08000192   0x08000192   0x00000000   Code   RO          486    .ARM.Collect$$libshutdown$$00000002  c_w.l(libshutdown2.o)
    0x08000192   0x08000192   0x00000000   Code   RO          488    .ARM.Collect$$libshutdown$$00000004  c_w.l(libshutdown2.o)
    0x08000192   0x08000192   0x00000000   Code   RO          491    .ARM.Collect$$libshutdown$$00000007  c_w.l(libshutdown2.o)
    0x08000192   0x08000192   0x00000000   Code   RO          494    .ARM.Collect$$libshutdown$$0000000A  c_w.l(libshutdown2.o)
    0x08000192   0x08000192   0x00000000   Code   RO          496    .ARM.Collect$$libshutdown$$0000000C  c_w.l(libshutdown2.o)
    0x08000192   0x08000192   0x00000000   Code   RO          499    .ARM.Collect$$libshutdown$$0000000F  c_w.l(libshutdown2.o)
    0x08000192   0x08000192   0x00000002   Code   RO          500    .ARM.Collect$$libshutdown$$00000010  c_w.l(libshutdown2.o)
    0x08000194   0x08000194   0x00000000   Code   RO          317    .ARM.Collect$$rtentry$$00000000  c_w.l(__rtentry.o)
    0x08000194   0x08000194   0x00000000   Code   RO          357    .ARM.Collect$$rtentry$$00000002  c_w.l(__rtentry2.o)
    0x08000194   0x08000194   0x00000006   Code   RO          369    .ARM.Collect$$rtentry$$00000004  c_w.l(__rtentry4.o)
    0x0800019a   0x0800019a   0x00000000   Code   RO          359    .ARM.Collect$$rtentry$$00000009  c_w.l(__rtentry2.o)
    0x0800019a   0x0800019a   0x00000004   Code   RO          360    .ARM.Collect$$rtentry$$0000000A  c_w.l(__rtentry2.o)
    0x0800019e   0x0800019e   0x00000000   Code   RO          362    .ARM.Collect$$rtentry$$0000000C  c_w.l(__rtentry2.o)
    0x0800019e   0x0800019e   0x00000008   Code   RO          363    .ARM.Collect$$rtentry$$0000000D  c_w.l(__rtentry2.o)
    0x080001a6   0x080001a6   0x00000002   Code   RO          399    .ARM.Collect$$rtexit$$00000000  c_w.l(rtexit.o)
    0x080001a8   0x080001a8   0x00000000   Code   RO          451    .ARM.Collect$$rtexit$$00000002  c_w.l(rtexit2.o)
    0x080001a8   0x080001a8   0x00000004   Code   RO          452    .ARM.Collect$$rtexit$$00000003  c_w.l(rtexit2.o)
    0x080001ac   0x080001ac   0x00000006   Code   RO          453    .ARM.Collect$$rtexit$$00000004  c_w.l(rtexit2.o)
    0x080001b2   0x080001b2   0x00000002   PAD
    0x080001b4   0x080001b4   0x00000040   Code   RO          241  * .text               startup_stm32f10x_md.o
    0x080001f4   0x080001f4   0x00000006   Code   RO          266    .text               c_w.l(heapauxi.o)
    0x080001fa   0x080001fa   0x00000016   Code   RO          318    .text               c_w.l(_rserrno.o)
    0x08000210   0x08000210   0x00000008   Code   RO          374    .text               c_w.l(rt_errno_addr_intlibspace.o)
    0x08000218   0x08000218   0x00000008   Code   RO          382    .text               c_w.l(libspace.o)
    0x08000220   0x08000220   0x0000004a   Code   RO          385    .text               c_w.l(sys_stackheap_outer.o)
    0x0800026a   0x0800026a   0x00000012   Code   RO          387    .text               c_w.l(exit.o)
    0x0800027c   0x0800027c   0x0000000c   Code   RO          461    .text               c_w.l(sys_exit.o)
    0x08000288   0x08000288   0x00000002   Code   RO          476    .text               c_w.l(use_no_semi.o)
    0x0800028a   0x0800028a   0x00000000   Code   RO          478    .text               c_w.l(indicate_semi.o)
    0x0800028a   0x0800028a   0x00000002   PAD
    0x0800028c   0x0800028c   0x000000f2   Code   RO           66    .text.InitGPIO      gpio_driver.o
    0x0800037e   0x0800037e   0x00000002   PAD
    0x08000380   0x08000380   0x000001b8   Code   RO          186    .text.PIDControl    pid.o
    0x08000538   0x08000538   0x00000008   Code   RO          250    .text.SetSysClock   system_stm32f10x.o
    0x08000540   0x08000540   0x00000122   Code   RO          254    .text.SetSysClockTo72  system_stm32f10x.o
    0x08000662   0x08000662   0x00000002   PAD
    0x08000664   0x08000664   0x00000020   Code   RO           85    .text.SysTick_DelayMc  systick_driver.o
    0x08000684   0x08000684   0x00000018   Code   RO           83    .text.SysTick_DelayMicro  systick_driver.o
    0x0800069c   0x0800069c   0x0000002a   Code   RO           87    .text.SysTick_DelayMs  systick_driver.o
    0x080006c6   0x080006c6   0x00000002   PAD
    0x080006c8   0x080006c8   0x00000066   Code   RO          248    .text.SystemInit    system_stm32f10x.o
    0x0800072e   0x0800072e   0x00000002   PAD
    0x08000730   0x08000730   0x00000092   Code   RO           70    .text.WRITE_GPIO    gpio_driver.o
    0x080007c2   0x080007c2   0x00000002   PAD
    0x080007c4   0x080007c4   0x00000062   Code   RO          163    .text.adcFlag       adc_driver.o
    0x08000826   0x08000826   0x00000002   PAD
    0x08000828   0x08000828   0x0000014c   Code   RO          173    .text.adcMultiInit  adc_driver.o
    0x08000974   0x08000974   0x00000120   Code   RO          175    .text.adcMultiRead  adc_driver.o
    0x08000a94   0x08000a94   0x0000019a   Code   RO          152    .text.direction     motor_driver.o
    0x08000c2e   0x08000c2e   0x00000002   PAD
    0x08000c30   0x08000c30   0x000000fc   Code   RO            2    .text.main          main.o
    0x08000d2c   0x08000d2c   0x000000ce   Code   RO          148    .text.motorSignalsMc  motor_driver.o
    0x08000dfa   0x08000dfa   0x00000002   PAD
    0x08000dfc   0x08000dfc   0x00000090   Code   RO          184    .text.positionFind  pid.o
    0x08000e8c   0x08000e8c   0x0000002a   Code   RO           81    .text.systickTimer_init  systick_driver.o
    0x08000eb6   0x08000eb6   0x00000002   PAD
    0x08000eb8   0x08000eb8   0x00000086   Code   RO          104    .text.timer1Capture_micro  timer1_driver.o
    0x08000f3e   0x08000f3e   0x00000002   PAD
    0x08000f40   0x08000f40   0x0000008c   Code   RO          100    .text.timer1PWM_micros  timer1_driver.o
    0x08000fcc   0x08000fcc   0x00000046   Code   RO          108    .text.timerCatch    timer1_driver.o
    0x08001012   0x08001012   0x00000028   Code   RO          347    i.__ARM_fpclassify  m_ws.l(fpclassify.o)
    0x0800103a   0x0800103a   0x000000aa   Code   RO          349    i.__kernel_poly     m_ws.l(poly.o)
    0x080010e4   0x080010e4   0x00000010   Code   RO          333    i.__mathlib_dbl_divzero  m_ws.l(dunder.o)
    0x080010f4   0x080010f4   0x00000004   Code   RO          335    i.__mathlib_dbl_infnan2  m_ws.l(dunder.o)
    0x080010f8   0x080010f8   0x0000000c   Code   RO          336    i.__mathlib_dbl_invalid  m_ws.l(dunder.o)
    0x08001104   0x08001104   0x0000000e   Code   RO          337    i.__mathlib_dbl_overflow  m_ws.l(dunder.o)
    0x08001112   0x08001112   0x00000002   PAD
    0x08001114   0x08001114   0x00000010   Code   RO          339    i.__mathlib_dbl_underflow  m_ws.l(dunder.o)
    0x08001124   0x08001124   0x000009ec   Code   RO          313    i.pow               m_ws.l(pow.o)
    0x08001b10   0x08001b10   0x0000004c   Code   RO          353    i.sqrt              m_ws.l(sqrt.o)
    0x08001b5c   0x08001b5c   0x00000150   Code   RO          270    x$fpl$dadd          fz_ws.l(daddsub_clz.o)
    0x08001cac   0x08001cac   0x00000010   Code   RO          376    x$fpl$dcheck1       fz_ws.l(dcheck1.o)
    0x08001cbc   0x08001cbc   0x00000018   Code   RO          395    x$fpl$dcmpinf       fz_ws.l(dcmpi.o)
    0x08001cd4   0x08001cd4   0x000002b8   Code   RO          277    x$fpl$ddiv          fz_ws.l(ddiv.o)
    0x08001f8c   0x08001f8c   0x0000005e   Code   RO          280    x$fpl$dfix          fz_ws.l(dfix.o)
    0x08001fea   0x08001fea   0x0000002e   Code   RO          285    x$fpl$dflt          fz_ws.l(dflt_clz.o)
    0x08002018   0x08002018   0x00000078   Code   RO          378    x$fpl$dleqf         fz_ws.l(dleqf.o)
    0x08002090   0x08002090   0x00000154   Code   RO          290    x$fpl$dmul          fz_ws.l(dmul.o)
    0x080021e4   0x080021e4   0x0000009c   Code   RO          320    x$fpl$dnaninf       fz_ws.l(dnaninf.o)
    0x08002280   0x08002280   0x0000000c   Code   RO          322    x$fpl$dretinf       fz_ws.l(dretinf.o)
    0x0800228c   0x0800228c   0x0000006c   Code   RO          324    x$fpl$drleqf        fz_ws.l(drleqf.o)
    0x080022f8   0x080022f8   0x00000016   Code   RO          271    x$fpl$drsb          fz_ws.l(daddsub_clz.o)
    0x0800230e   0x0800230e   0x00000002   PAD
    0x08002310   0x08002310   0x000001cc   Code   RO          380    x$fpl$dsqrt         fz_ws.l(dsqrt_noumaal.o)
    0x080024dc   0x080024dc   0x000001dc   Code   RO          272    x$fpl$dsub          fz_ws.l(daddsub_clz.o)
    0x080026b8   0x080026b8   0x00000056   Code   RO          292    x$fpl$f2d           fz_ws.l(f2d.o)
    0x0800270e   0x0800270e   0x00000002   PAD
    0x08002710   0x08002710   0x000000c4   Code   RO          294    x$fpl$fadd          fz_ws.l(faddsub_clz.o)
    0x080027d4   0x080027d4   0x00000036   Code   RO          300    x$fpl$ffix          fz_ws.l(ffix.o)
    0x0800280a   0x0800280a   0x00000002   PAD
    0x0800280c   0x0800280c   0x00000030   Code   RO          305    x$fpl$fflt          fz_ws.l(fflt_clz.o)
    0x0800283c   0x0800283c   0x00000102   Code   RO          310    x$fpl$fmul          fz_ws.l(fmul.o)
    0x0800293e   0x0800293e   0x0000008c   Code   RO          326    x$fpl$fnaninf       fz_ws.l(fnaninf.o)
    0x080029ca   0x080029ca   0x0000000a   Code   RO          328    x$fpl$fretinf       fz_ws.l(fretinf.o)
    0x080029d4   0x080029d4   0x000000ea   Code   RO          296    x$fpl$fsub          fz_ws.l(faddsub_clz.o)
    0x08002abe   0x08002abe   0x00000064   Code   RO          397    x$fpl$retnan        fz_ws.l(retnan.o)
    0x08002b22   0x08002b22   0x0000005c   Code   RO          330    x$fpl$scalbn        fz_ws.l(scalbn.o)
    0x08002b7e   0x08002b7e   0x00000030   Code   RO          448    x$fpl$trapveneer    fz_ws.l(trapv.o)
    0x08002bae   0x08002bae   0x00000000   Code   RO          332    x$fpl$usenofp       fz_ws.l(usenofp.o)
    0x08002bae   0x08002bae   0x00000002   PAD
    0x08002bb0   0x08002bb0   0x00000088   Data   RO          314    .constdata          m_ws.l(pow.o)
    0x08002c38   0x08002c38   0x00000008   Data   RO          351    .constdata          m_ws.l(qnan.o)
    0x08002c40   0x08002c40   0x00000020   Data   RO          534    Region$$Table       anon$$obj.o


    Execution Region ER_RW (Exec base: 0x20000000, Load base: 0x08002c60, Size: 0x0000002c, Max: 0xffffffff, ABSOLUTE)

    Exec Addr    Load Addr    Size         Type   Attr      Idx    E Section Name        Object

    0x20000000   0x08002c60   0x00000004   Data   RW          191    .data.Kd            pid.o
    0x20000004   0x08002c64   0x00000004   Data   RW          189    .data.Kp            pid.o
    0x20000008   0x08002c68   0x00000008   Data   RW          192    .data.Ts            pid.o
    0x20000010   0x08002c70   0x00000011   Data   RW            4    .data.adcChannel    main.o
    0x20000021   0x08002c81   0x00000003   PAD
    0x20000024   0x08002c84   0x00000004   Data   RW          188    .data.biasSpeed     pid.o
    0x20000028   0x08002c88   0x00000001   Data   RW            5    .data.numofchannel  main.o


    Execution Region ER_ZI (Exec base: 0x20000030, Load base: 0x08002c8c, Size: 0x00000698, Max: 0xffffffff, ABSOLUTE)

    Exec Addr    Load Addr    Size         Type   Attr      Idx    E Section Name        Object

    0x20000030        -       0x00000060   Zero   RW          383    .bss                c_w.l(libspace.o)
    0x20000090        -       0x00000004   Zero   RW          190    .bss.Ki             pid.o
    0x20000094        -       0x00000004   Zero   RW          196    .bss.PID            pid.o
    0x20000098        -       0x00000014   Zero   RW            8    .bss.analogData     main.o
    0x200000ac        -       0x00000004   Zero   RW          195    .bss.diffrence      pid.o
    0x200000b0        -       0x00000004   Zero   RW            7    .bss.distance       main.o
    0x200000b4        -       0x00000004   Zero   RW            6    .bss.e              main.o
    0x200000b8        -       0x00000004   Zero   RW          194    .bss.lastError      pid.o
    0x200000bc        -       0x00000004   Zero   RW          197    .bss.leftDuty       pid.o
    0x200000c0        -       0x00000004   Zero   RW          198    .bss.rightDuty      pid.o
    0x200000c4        -       0x00000004   Zero   RW          193    .bss.sum            pid.o
    0x200000c8        -       0x00000200   Zero   RW          239    HEAP                startup_stm32f10x_md.o
    0x200002c8        -       0x00000400   Zero   RW          238    STACK               startup_stm32f10x_md.o


==============================================================================

Image component sizes


      Code (inc. data)   RO Data    RW Data    ZI Data      Debug   Object Name

       718          0          0          0          0       5472   adc_driver.o
       388          0          0          0          0       1494   gpio_driver.o
       252          0          0         18         28        758   main.o
       616          0          0          0          0       2439   motor_driver.o
       584          0          0         20         28       1276   pid.o
        64         26        236          0       1536        848   startup_stm32f10x_md.o
       400          0          0          0          0       2921   system_stm32f10x.o
       140          0          0          0          0        917   systick_driver.o
       344          0          0          0          0       3007   timer1_driver.o

    ----------------------------------------------------------------------
      3526         26        268         44       1592      19132   Object Totals
         0          0         32          0          0          0   (incl. Generated)
        20          0          0          6          0          0   (incl. Padding)

    ----------------------------------------------------------------------

      Code (inc. data)   RO Data    RW Data    ZI Data      Debug   Library Member Name

         8          0          0          0          0         68   __main.o
         0          0          0          0          0          0   __rtentry.o
        12          0          0          0          0          0   __rtentry2.o
         6          0          0          0          0          0   __rtentry4.o
        94          8          0          0          0          0   __scatter.o
        26          0          0          0          0          0   __scatter_copy.o
        28          0          0          0          0          0   __scatter_zi.o
        22          0          0          0          0        100   _rserrno.o
        18          0          0          0          0         80   exit.o
         6          0          0          0          0        152   heapauxi.o
         0          0          0          0          0          0   indicate_semi.o
         2          0          0          0          0          0   libinit.o
         2          0          0          0          0          0   libinit2.o
         2          0          0          0          0          0   libshutdown.o
         2          0          0          0          0          0   libshutdown2.o
         8          4          0          0         96         68   libspace.o
         8          4          0          0          0         68   rt_errno_addr_intlibspace.o
         2          0          0          0          0          0   rtexit.o
        10          0          0          0          0          0   rtexit2.o
        12          4          0          0          0         68   sys_exit.o
        74          0          0          0          0         80   sys_stackheap_outer.o
         2          0          0          0          0         68   use_no_semi.o
       834         16          0          0          0        372   daddsub_clz.o
        16          4          0          0          0         68   dcheck1.o
        24          0          0          0          0         68   dcmpi.o
       696        140          0          0          0        216   ddiv.o
        94          4          0          0          0         92   dfix.o
        46          0          0          0          0         68   dflt_clz.o
       120          4          0          0          0         92   dleqf.o
       340         12          0          0          0        104   dmul.o
       156          4          0          0          0         92   dnaninf.o
        12          0          0          0          0         68   dretinf.o
       108          0          0          0          0         80   drleqf.o
       460         56          0          0          0        120   dsqrt_noumaal.o
        86          4          0          0          0         84   f2d.o
       430          8          0          0          0        168   faddsub_clz.o
        54          4          0          0          0         84   ffix.o
        48          0          0          0          0         68   fflt_clz.o
       258          4          0          0          0         84   fmul.o
       140          4          0          0          0         84   fnaninf.o
        10          0          0          0          0         68   fretinf.o
       100          0          0          0          0         68   retnan.o
        92          0          0          0          0         68   scalbn.o
        48          0          0          0          0         68   trapv.o
         0          0          0          0          0          0   usenofp.o
        62         10          0          0          0        340   dunder.o
        40          0          0          0          0         68   fpclassify.o
       170          0          0          0          0         96   poly.o
      2540        188        136          0          0        332   pow.o
         0          0          8          0          0          0   qnan.o
        76          0          0          0          0         84   sqrt.o

    ----------------------------------------------------------------------
      7422        482        144          0         96       3956   Library Totals
        18          0          0          0          0          0   (incl. Padding)

    ----------------------------------------------------------------------

      Code (inc. data)   RO Data    RW Data    ZI Data      Debug   Library Name

       344         20          0          0         96        752   c_w.l
      4172        264          0          0          0       2284   fz_ws.l
      2888        198        144          0          0        920   m_ws.l

    ----------------------------------------------------------------------
      7422        482        144          0         96       3956   Library Totals

    ----------------------------------------------------------------------

==============================================================================


      Code (inc. data)   RO Data    RW Data    ZI Data      Debug   

     10948        508        412         44       1688      21036   Grand Totals
     10948        508        412         44       1688      21036   ELF Image Totals
     10948        508        412         44          0          0   ROM Totals

==============================================================================

    Total RO  Size (Code + RO Data)                11360 (  11.09kB)
    Total RW  Size (RW Data + ZI Data)              1732 (   1.69kB)
    Total ROM Size (Code + RO Data + RW Data)      11404 (  11.14kB)

==============================================================================

